2026-01-31 06:01:12,753 - INFO - [LOG] 로그 파일: logs\category_optimization_20260131_060112.log
2026-01-31 06:01:12,754 - INFO - [START] 카테고리 최적화 시작: 2026-01-31 06:01:12.754973
2026-01-31 06:01:12,754 - INFO - [FETCH] 채널 목록 조회 중...
2026-01-31 06:01:13,219 - INFO - [SUCCESS] 총 80개 채널 발견
2026-01-31 06:01:13,219 - INFO - 
================================================================================
2026-01-31 06:01:13,220 - INFO - 채널 처리 중 [1/80]: channel_id=44
2026-01-31 06:01:13,220 - INFO - ================================================================================
2026-01-31 06:01:13,630 - INFO - [DEBUG] 채널 44 - 카테고리 조회 결과: []
2026-01-31 06:01:13,630 - INFO - [DEBUG] 채널 44 - 카테고리 없음
2026-01-31 06:01:13,630 - INFO - [SKIP] 채널 44 - 카테고리 없음
2026-01-31 06:01:13,630 - INFO - [SUCCESS] 채널 44 처리 완료: {'status': 'skip', 'reason': 'No data'}
2026-01-31 06:01:13,630 - INFO - 
================================================================================
2026-01-31 06:01:13,630 - INFO - 채널 처리 중 [2/80]: channel_id=69
2026-01-31 06:01:13,630 - INFO - ================================================================================
2026-01-31 06:01:13,971 - INFO - [DEBUG] 채널 69 - 카테고리 조회 결과: []
2026-01-31 06:01:13,971 - INFO - [DEBUG] 채널 69 - 카테고리 없음
2026-01-31 06:01:13,971 - INFO - [SKIP] 채널 69 - 카테고리 없음
2026-01-31 06:01:13,971 - INFO - [SUCCESS] 채널 69 처리 완료: {'status': 'skip', 'reason': 'No data'}
2026-01-31 06:01:13,971 - INFO - 
================================================================================
2026-01-31 06:01:13,971 - INFO - 채널 처리 중 [3/80]: channel_id=49
2026-01-31 06:01:13,971 - INFO - ================================================================================
2026-01-31 06:01:14,371 - INFO - [DEBUG] 채널 49 - 카테고리 조회 결과: []
2026-01-31 06:01:14,371 - INFO - [DEBUG] 채널 49 - 카테고리 없음
2026-01-31 06:01:14,371 - INFO - [SKIP] 채널 49 - 카테고리 없음
2026-01-31 06:01:14,371 - INFO - [SUCCESS] 채널 49 처리 완료: {'status': 'skip', 'reason': 'No data'}
2026-01-31 06:01:14,371 - INFO - 
================================================================================
2026-01-31 06:01:14,371 - INFO - 채널 처리 중 [4/80]: channel_id=15
2026-01-31 06:01:14,371 - INFO - ================================================================================
2026-01-31 06:01:14,759 - INFO - [DEBUG] 채널 15 - 카테고리 조회 결과: []
2026-01-31 06:01:14,759 - INFO - [DEBUG] 채널 15 - 카테고리 없음
2026-01-31 06:01:14,759 - INFO - [SKIP] 채널 15 - 카테고리 없음
2026-01-31 06:01:14,759 - INFO - [SUCCESS] 채널 15 처리 완료: {'status': 'skip', 'reason': 'No data'}
2026-01-31 06:01:14,759 - INFO - 
================================================================================
2026-01-31 06:01:14,759 - INFO - 채널 처리 중 [5/80]: channel_id=67
2026-01-31 06:01:14,759 - INFO - ================================================================================
2026-01-31 06:01:15,157 - INFO - [DEBUG] 채널 67 - 카테고리 조회 결과: []
2026-01-31 06:01:15,157 - INFO - [DEBUG] 채널 67 - 카테고리 없음
2026-01-31 06:01:15,157 - INFO - [SKIP] 채널 67 - 카테고리 없음
2026-01-31 06:01:15,157 - INFO - [SUCCESS] 채널 67 처리 완료: {'status': 'skip', 'reason': 'No data'}
2026-01-31 06:01:15,157 - INFO - 
================================================================================
2026-01-31 06:01:15,165 - INFO - 채널 처리 중 [6/80]: channel_id=45
2026-01-31 06:01:15,165 - INFO - ================================================================================
2026-01-31 06:01:15,545 - INFO - [DEBUG] 채널 45 - 카테고리 조회 결과: []
2026-01-31 06:01:15,545 - INFO - [DEBUG] 채널 45 - 카테고리 없음
2026-01-31 06:01:15,545 - INFO - [SKIP] 채널 45 - 카테고리 없음
2026-01-31 06:01:15,545 - INFO - [SUCCESS] 채널 45 처리 완료: {'status': 'skip', 'reason': 'No data'}
2026-01-31 06:01:15,545 - INFO - 
================================================================================
2026-01-31 06:01:15,545 - INFO - 채널 처리 중 [7/80]: channel_id=46
2026-01-31 06:01:15,545 - INFO - ================================================================================
2026-01-31 06:01:15,898 - INFO - [DEBUG] 채널 46 - 카테고리 조회 결과: []
2026-01-31 06:01:15,898 - INFO - [DEBUG] 채널 46 - 카테고리 없음
2026-01-31 06:01:15,898 - INFO - [SKIP] 채널 46 - 카테고리 없음
2026-01-31 06:01:15,898 - INFO - [SUCCESS] 채널 46 처리 완료: {'status': 'skip', 'reason': 'No data'}
2026-01-31 06:01:15,898 - INFO - 
================================================================================
2026-01-31 06:01:15,898 - INFO - 채널 처리 중 [8/80]: channel_id=70
2026-01-31 06:01:15,898 - INFO - ================================================================================
2026-01-31 06:01:16,317 - INFO - [DEBUG] 채널 70 - 카테고리 조회 결과: []
2026-01-31 06:01:16,317 - INFO - [DEBUG] 채널 70 - 카테고리 없음
2026-01-31 06:01:16,317 - INFO - [SKIP] 채널 70 - 카테고리 없음
2026-01-31 06:01:16,319 - INFO - [SUCCESS] 채널 70 처리 완료: {'status': 'skip', 'reason': 'No data'}
2026-01-31 06:01:16,319 - INFO - 
================================================================================
2026-01-31 06:01:16,319 - INFO - 채널 처리 중 [9/80]: channel_id=71
2026-01-31 06:01:16,320 - INFO - ================================================================================
2026-01-31 06:01:16,679 - INFO - [DEBUG] 채널 71 - 카테고리 조회 결과: []
2026-01-31 06:01:16,679 - INFO - [DEBUG] 채널 71 - 카테고리 없음
2026-01-31 06:01:16,679 - INFO - [SKIP] 채널 71 - 카테고리 없음
2026-01-31 06:01:16,679 - INFO - [SUCCESS] 채널 71 처리 완료: {'status': 'skip', 'reason': 'No data'}
2026-01-31 06:01:16,679 - INFO - 
================================================================================
2026-01-31 06:01:16,679 - INFO - 채널 처리 중 [10/80]: channel_id=72
2026-01-31 06:01:16,679 - INFO - ================================================================================
2026-01-31 06:01:17,044 - INFO - [DEBUG] 채널 72 - 카테고리 조회 결과: []
2026-01-31 06:01:17,044 - INFO - [DEBUG] 채널 72 - 카테고리 없음
2026-01-31 06:01:17,044 - INFO - [SKIP] 채널 72 - 카테고리 없음
2026-01-31 06:01:17,044 - INFO - [SUCCESS] 채널 72 처리 완료: {'status': 'skip', 'reason': 'No data'}
2026-01-31 06:01:17,044 - INFO - 
================================================================================
2026-01-31 06:01:17,044 - INFO - 채널 처리 중 [11/80]: channel_id=47
2026-01-31 06:01:17,044 - INFO - ================================================================================
2026-01-31 06:01:17,429 - INFO - [DEBUG] 채널 47 - 카테고리 조회 결과: []
2026-01-31 06:01:17,432 - INFO - [DEBUG] 채널 47 - 카테고리 없음
2026-01-31 06:01:17,432 - INFO - [SKIP] 채널 47 - 카테고리 없음
2026-01-31 06:01:17,432 - INFO - [SUCCESS] 채널 47 처리 완료: {'status': 'skip', 'reason': 'No data'}
2026-01-31 06:01:17,432 - INFO - 
================================================================================
2026-01-31 06:01:17,432 - INFO - 채널 처리 중 [12/80]: channel_id=48
2026-01-31 06:01:17,432 - INFO - ================================================================================
2026-01-31 06:01:17,776 - INFO - [DEBUG] 채널 48 - 카테고리 조회 결과: []
2026-01-31 06:01:17,776 - INFO - [DEBUG] 채널 48 - 카테고리 없음
2026-01-31 06:01:17,776 - INFO - [SKIP] 채널 48 - 카테고리 없음
2026-01-31 06:01:17,776 - INFO - [SUCCESS] 채널 48 처리 완료: {'status': 'skip', 'reason': 'No data'}
2026-01-31 06:01:17,776 - INFO - 
================================================================================
2026-01-31 06:01:17,776 - INFO - 채널 처리 중 [13/80]: channel_id=1
2026-01-31 06:01:17,776 - INFO - ================================================================================
2026-01-31 06:01:18,161 - INFO - [DEBUG] 채널 1 - 카테고리 조회 결과: [{'category_id': 1, 'category_name': '기타'}, {'category_id': 3, 'category_name': '취업특강정보'}, {'category_id': 4, 'category_name': '개발 관련 문제 해결 도움 요청'}, {'category_id': 5, 'category_name': '스터디/모임 모집'}, {'category_id': 6, 'category_name': '식사/음료 함께 하실 분 모집'}, {'category_id': 7, 'category_name': '기타'}]
2026-01-31 06:01:18,567 - INFO - [DEBUG] 채널 1 - 총 게시글 수: 66
2026-01-31 06:01:18,970 - INFO - [DEBUG] 채널 1 - 기타 카테고리 게시글 수: 18
2026-01-31 06:01:18,970 - INFO - [DEBUG] 채널 1 - is_initial: False, post_count: 66, etc_ratio: 27.27%
2026-01-31 06:01:18,970 - INFO - [DEBUG] 채널 1 상태 - is_initial=False, post_count=66, etc_ratio=27.27%
2026-01-31 06:01:18,970 - INFO - [TRACK_B] 진입: 채널 1 (etc_ratio=27.27%)
2026-01-31 06:01:19,389 - INFO - [SUCCESS] 채널 1 처리 완료: {'status': 'skip', 'reason': 'No etc posts'}
2026-01-31 06:01:19,389 - INFO - 
================================================================================
2026-01-31 06:01:19,389 - INFO - 채널 처리 중 [14/80]: channel_id=43
2026-01-31 06:01:19,390 - INFO - ================================================================================
2026-01-31 06:01:19,748 - INFO - [DEBUG] 채널 43 - 카테고리 조회 결과: []
2026-01-31 06:01:19,748 - INFO - [DEBUG] 채널 43 - 카테고리 없음
2026-01-31 06:01:19,748 - INFO - [SKIP] 채널 43 - 카테고리 없음
2026-01-31 06:01:19,748 - INFO - [SUCCESS] 채널 43 처리 완료: {'status': 'skip', 'reason': 'No data'}
2026-01-31 06:01:19,748 - INFO - 
================================================================================
2026-01-31 06:01:19,748 - INFO - 채널 처리 중 [15/80]: channel_id=50
2026-01-31 06:01:19,748 - INFO - ================================================================================
2026-01-31 06:01:20,102 - INFO - [DEBUG] 채널 50 - 카테고리 조회 결과: []
2026-01-31 06:01:20,112 - INFO - [DEBUG] 채널 50 - 카테고리 없음
2026-01-31 06:01:20,112 - INFO - [SKIP] 채널 50 - 카테고리 없음
2026-01-31 06:01:20,113 - INFO - [SUCCESS] 채널 50 처리 완료: {'status': 'skip', 'reason': 'No data'}
2026-01-31 06:01:20,113 - INFO - 
================================================================================
2026-01-31 06:01:20,113 - INFO - 채널 처리 중 [16/80]: channel_id=5
2026-01-31 06:01:20,113 - INFO - ================================================================================
2026-01-31 06:01:20,516 - INFO - [DEBUG] 채널 5 - 카테고리 조회 결과: []
2026-01-31 06:01:20,516 - INFO - [DEBUG] 채널 5 - 카테고리 없음
2026-01-31 06:01:20,517 - INFO - [SKIP] 채널 5 - 카테고리 없음
2026-01-31 06:01:20,517 - INFO - [SUCCESS] 채널 5 처리 완료: {'status': 'skip', 'reason': 'No data'}
2026-01-31 06:01:20,517 - INFO - 
================================================================================
2026-01-31 06:01:20,517 - INFO - 채널 처리 중 [17/80]: channel_id=7
2026-01-31 06:01:20,517 - INFO - ================================================================================
2026-01-31 06:01:20,869 - INFO - [DEBUG] 채널 7 - 카테고리 조회 결과: []
2026-01-31 06:01:20,869 - INFO - [DEBUG] 채널 7 - 카테고리 없음
2026-01-31 06:01:20,869 - INFO - [SKIP] 채널 7 - 카테고리 없음
2026-01-31 06:01:20,870 - INFO - [SUCCESS] 채널 7 처리 완료: {'status': 'skip', 'reason': 'No data'}
2026-01-31 06:01:20,870 - INFO - 
================================================================================
2026-01-31 06:01:20,870 - INFO - 채널 처리 중 [18/80]: channel_id=51
2026-01-31 06:01:20,870 - INFO - ================================================================================
2026-01-31 06:01:21,206 - INFO - [DEBUG] 채널 51 - 카테고리 조회 결과: []
2026-01-31 06:01:21,211 - INFO - [DEBUG] 채널 51 - 카테고리 없음
2026-01-31 06:01:21,211 - INFO - [SKIP] 채널 51 - 카테고리 없음
2026-01-31 06:01:21,211 - INFO - [SUCCESS] 채널 51 처리 완료: {'status': 'skip', 'reason': 'No data'}
2026-01-31 06:01:21,211 - INFO - 
================================================================================
2026-01-31 06:01:21,211 - INFO - 채널 처리 중 [19/80]: channel_id=22
2026-01-31 06:01:21,211 - INFO - ================================================================================
2026-01-31 06:01:21,550 - INFO - [DEBUG] 채널 22 - 카테고리 조회 결과: []
2026-01-31 06:01:21,550 - INFO - [DEBUG] 채널 22 - 카테고리 없음
2026-01-31 06:01:21,550 - INFO - [SKIP] 채널 22 - 카테고리 없음
2026-01-31 06:01:21,550 - INFO - [SUCCESS] 채널 22 처리 완료: {'status': 'skip', 'reason': 'No data'}
2026-01-31 06:01:21,550 - INFO - 
================================================================================
2026-01-31 06:01:21,550 - INFO - 채널 처리 중 [20/80]: channel_id=52
2026-01-31 06:01:21,550 - INFO - ================================================================================
2026-01-31 06:01:21,902 - INFO - [DEBUG] 채널 52 - 카테고리 조회 결과: []
2026-01-31 06:01:21,902 - INFO - [DEBUG] 채널 52 - 카테고리 없음
2026-01-31 06:01:21,902 - INFO - [SKIP] 채널 52 - 카테고리 없음
2026-01-31 06:01:21,902 - INFO - [SUCCESS] 채널 52 처리 완료: {'status': 'skip', 'reason': 'No data'}
2026-01-31 06:01:21,902 - INFO - 
================================================================================
2026-01-31 06:01:21,902 - INFO - 채널 처리 중 [21/80]: channel_id=23
2026-01-31 06:01:21,902 - INFO - ================================================================================
2026-01-31 06:01:22,271 - INFO - [DEBUG] 채널 23 - 카테고리 조회 결과: []
2026-01-31 06:01:22,271 - INFO - [DEBUG] 채널 23 - 카테고리 없음
2026-01-31 06:01:22,271 - INFO - [SKIP] 채널 23 - 카테고리 없음
2026-01-31 06:01:22,273 - INFO - [SUCCESS] 채널 23 처리 완료: {'status': 'skip', 'reason': 'No data'}
2026-01-31 06:01:22,273 - INFO - 
================================================================================
2026-01-31 06:01:22,273 - INFO - 채널 처리 중 [22/80]: channel_id=2
2026-01-31 06:01:22,273 - INFO - ================================================================================
2026-01-31 06:01:22,652 - INFO - [DEBUG] 채널 2 - 카테고리 조회 결과: [{'category_id': 8, 'category_name': '기타'}]
2026-01-31 06:01:23,009 - INFO - [DEBUG] 채널 2 - 총 게시글 수: 1
2026-01-31 06:01:23,370 - INFO - [DEBUG] 채널 2 - 기타 카테고리 게시글 수: 1
2026-01-31 06:01:23,370 - INFO - [DEBUG] 채널 2 - is_initial: True, post_count: 1, etc_ratio: 100.00%
2026-01-31 06:01:23,370 - INFO - [DEBUG] 채널 2 상태 - is_initial=True, post_count=1, etc_ratio=100.00%
2026-01-31 06:01:23,370 - INFO - [SKIP] 채널 2 - 조건 미충족
2026-01-31 06:01:23,370 - INFO -   Track A: is_initial=True, post_count=1 (50개 이상 필요)
2026-01-31 06:01:23,373 - INFO -   Track B: is_initial=True (여러 카테고리 필요), etc_ratio=100.00% (20% 이상 필요)
2026-01-31 06:01:23,373 - INFO - [SUCCESS] 채널 2 처리 완료: {'status': 'skip', 'reason': 'Conditions not met'}
2026-01-31 06:01:23,373 - INFO - 
================================================================================
2026-01-31 06:01:23,373 - INFO - 채널 처리 중 [23/80]: channel_id=26
2026-01-31 06:01:23,373 - INFO - ================================================================================
2026-01-31 06:01:23,760 - INFO - [DEBUG] 채널 26 - 카테고리 조회 결과: []
2026-01-31 06:01:23,760 - INFO - [DEBUG] 채널 26 - 카테고리 없음
2026-01-31 06:01:23,760 - INFO - [SKIP] 채널 26 - 카테고리 없음
2026-01-31 06:01:23,760 - INFO - [SUCCESS] 채널 26 처리 완료: {'status': 'skip', 'reason': 'No data'}
2026-01-31 06:01:23,760 - INFO - 
================================================================================
2026-01-31 06:01:23,761 - INFO - 채널 처리 중 [24/80]: channel_id=3
2026-01-31 06:01:23,761 - INFO - ================================================================================
2026-01-31 06:01:24,139 - INFO - [DEBUG] 채널 3 - 카테고리 조회 결과: []
2026-01-31 06:01:24,139 - INFO - [DEBUG] 채널 3 - 카테고리 없음
2026-01-31 06:01:24,139 - INFO - [SKIP] 채널 3 - 카테고리 없음
2026-01-31 06:01:24,139 - INFO - [SUCCESS] 채널 3 처리 완료: {'status': 'skip', 'reason': 'No data'}
2026-01-31 06:01:24,139 - INFO - 
================================================================================
2026-01-31 06:01:24,139 - INFO - 채널 처리 중 [25/80]: channel_id=28
2026-01-31 06:01:24,139 - INFO - ================================================================================
2026-01-31 06:01:24,510 - INFO - [DEBUG] 채널 28 - 카테고리 조회 결과: []
2026-01-31 06:01:24,510 - INFO - [DEBUG] 채널 28 - 카테고리 없음
2026-01-31 06:01:24,510 - INFO - [SKIP] 채널 28 - 카테고리 없음
2026-01-31 06:01:24,510 - INFO - [SUCCESS] 채널 28 처리 완료: {'status': 'skip', 'reason': 'No data'}
2026-01-31 06:01:24,515 - INFO - 
================================================================================
2026-01-31 06:01:24,515 - INFO - 채널 처리 중 [26/80]: channel_id=53
2026-01-31 06:01:24,515 - INFO - ================================================================================
2026-01-31 06:01:24,905 - INFO - [DEBUG] 채널 53 - 카테고리 조회 결과: []
2026-01-31 06:01:24,911 - INFO - [DEBUG] 채널 53 - 카테고리 없음
2026-01-31 06:01:24,911 - INFO - [SKIP] 채널 53 - 카테고리 없음
2026-01-31 06:01:24,911 - INFO - [SUCCESS] 채널 53 처리 완료: {'status': 'skip', 'reason': 'No data'}
2026-01-31 06:01:24,911 - INFO - 
================================================================================
2026-01-31 06:01:24,911 - INFO - 채널 처리 중 [27/80]: channel_id=4
2026-01-31 06:01:24,911 - INFO - ================================================================================
2026-01-31 06:01:25,328 - INFO - [DEBUG] 채널 4 - 카테고리 조회 결과: []
2026-01-31 06:01:25,328 - INFO - [DEBUG] 채널 4 - 카테고리 없음
2026-01-31 06:01:25,328 - INFO - [SKIP] 채널 4 - 카테고리 없음
2026-01-31 06:01:25,328 - INFO - [SUCCESS] 채널 4 처리 완료: {'status': 'skip', 'reason': 'No data'}
2026-01-31 06:01:25,328 - INFO - 
================================================================================
2026-01-31 06:01:25,328 - INFO - 채널 처리 중 [28/80]: channel_id=6
2026-01-31 06:01:25,328 - INFO - ================================================================================
2026-01-31 06:01:25,690 - INFO - [DEBUG] 채널 6 - 카테고리 조회 결과: [{'category_id': 9, 'category_name': '기타'}]
2026-01-31 06:01:26,032 - INFO - [DEBUG] 채널 6 - 총 게시글 수: 2
2026-01-31 06:01:26,412 - INFO - [DEBUG] 채널 6 - 기타 카테고리 게시글 수: 2
2026-01-31 06:01:26,412 - INFO - [DEBUG] 채널 6 - is_initial: True, post_count: 2, etc_ratio: 100.00%
2026-01-31 06:01:26,412 - INFO - [DEBUG] 채널 6 상태 - is_initial=True, post_count=2, etc_ratio=100.00%
2026-01-31 06:01:26,412 - INFO - [SKIP] 채널 6 - 조건 미충족
2026-01-31 06:01:26,412 - INFO -   Track A: is_initial=True, post_count=2 (50개 이상 필요)
2026-01-31 06:01:26,412 - INFO -   Track B: is_initial=True (여러 카테고리 필요), etc_ratio=100.00% (20% 이상 필요)
2026-01-31 06:01:26,412 - INFO - [SUCCESS] 채널 6 처리 완료: {'status': 'skip', 'reason': 'Conditions not met'}
2026-01-31 06:01:26,412 - INFO - 
================================================================================
2026-01-31 06:01:26,412 - INFO - 채널 처리 중 [29/80]: channel_id=73
2026-01-31 06:01:26,412 - INFO - ================================================================================
2026-01-31 06:01:26,813 - INFO - [DEBUG] 채널 73 - 카테고리 조회 결과: []
2026-01-31 06:01:26,813 - INFO - [DEBUG] 채널 73 - 카테고리 없음
2026-01-31 06:01:26,813 - INFO - [SKIP] 채널 73 - 카테고리 없음
2026-01-31 06:01:26,814 - INFO - [SUCCESS] 채널 73 처리 완료: {'status': 'skip', 'reason': 'No data'}
2026-01-31 06:01:26,814 - INFO - 
================================================================================
2026-01-31 06:01:26,814 - INFO - 채널 처리 중 [30/80]: channel_id=8
2026-01-31 06:01:26,814 - INFO - ================================================================================
2026-01-31 06:01:27,178 - INFO - [DEBUG] 채널 8 - 카테고리 조회 결과: []
2026-01-31 06:01:27,178 - INFO - [DEBUG] 채널 8 - 카테고리 없음
2026-01-31 06:01:27,178 - INFO - [SKIP] 채널 8 - 카테고리 없음
2026-01-31 06:01:27,178 - INFO - [SUCCESS] 채널 8 처리 완료: {'status': 'skip', 'reason': 'No data'}
2026-01-31 06:01:27,178 - INFO - 
================================================================================
2026-01-31 06:01:27,178 - INFO - 채널 처리 중 [31/80]: channel_id=9
2026-01-31 06:01:27,178 - INFO - ================================================================================
2026-01-31 06:01:27,556 - INFO - [DEBUG] 채널 9 - 카테고리 조회 결과: []
2026-01-31 06:01:27,556 - INFO - [DEBUG] 채널 9 - 카테고리 없음
2026-01-31 06:01:27,556 - INFO - [SKIP] 채널 9 - 카테고리 없음
2026-01-31 06:01:27,556 - INFO - [SUCCESS] 채널 9 처리 완료: {'status': 'skip', 'reason': 'No data'}
2026-01-31 06:01:27,556 - INFO - 
================================================================================
2026-01-31 06:01:27,556 - INFO - 채널 처리 중 [32/80]: channel_id=10
2026-01-31 06:01:27,556 - INFO - ================================================================================
2026-01-31 06:01:27,898 - INFO - [DEBUG] 채널 10 - 카테고리 조회 결과: []
2026-01-31 06:01:27,898 - INFO - [DEBUG] 채널 10 - 카테고리 없음
2026-01-31 06:01:27,898 - INFO - [SKIP] 채널 10 - 카테고리 없음
2026-01-31 06:01:27,898 - INFO - [SUCCESS] 채널 10 처리 완료: {'status': 'skip', 'reason': 'No data'}
2026-01-31 06:01:27,898 - INFO - 
================================================================================
2026-01-31 06:01:27,898 - INFO - 채널 처리 중 [33/80]: channel_id=68
2026-01-31 06:01:27,898 - INFO - ================================================================================
2026-01-31 06:01:28,279 - INFO - [DEBUG] 채널 68 - 카테고리 조회 결과: []
2026-01-31 06:01:28,279 - INFO - [DEBUG] 채널 68 - 카테고리 없음
2026-01-31 06:01:28,279 - INFO - [SKIP] 채널 68 - 카테고리 없음
2026-01-31 06:01:28,279 - INFO - [SUCCESS] 채널 68 처리 완료: {'status': 'skip', 'reason': 'No data'}
2026-01-31 06:01:28,279 - INFO - 
================================================================================
2026-01-31 06:01:28,279 - INFO - 채널 처리 중 [34/80]: channel_id=11
2026-01-31 06:01:28,279 - INFO - ================================================================================
2026-01-31 06:01:28,630 - INFO - [DEBUG] 채널 11 - 카테고리 조회 결과: []
2026-01-31 06:01:28,630 - INFO - [DEBUG] 채널 11 - 카테고리 없음
2026-01-31 06:01:28,630 - INFO - [SKIP] 채널 11 - 카테고리 없음
2026-01-31 06:01:28,630 - INFO - [SUCCESS] 채널 11 처리 완료: {'status': 'skip', 'reason': 'No data'}
2026-01-31 06:01:28,630 - INFO - 
================================================================================
2026-01-31 06:01:28,630 - INFO - 채널 처리 중 [35/80]: channel_id=13
2026-01-31 06:01:28,630 - INFO - ================================================================================
2026-01-31 06:01:29,014 - INFO - [DEBUG] 채널 13 - 카테고리 조회 결과: []
2026-01-31 06:01:29,015 - INFO - [DEBUG] 채널 13 - 카테고리 없음
2026-01-31 06:01:29,015 - INFO - [SKIP] 채널 13 - 카테고리 없음
2026-01-31 06:01:29,015 - INFO - [SUCCESS] 채널 13 처리 완료: {'status': 'skip', 'reason': 'No data'}
2026-01-31 06:01:29,015 - INFO - 
================================================================================
2026-01-31 06:01:29,015 - INFO - 채널 처리 중 [36/80]: channel_id=17
2026-01-31 06:01:29,015 - INFO - ================================================================================
2026-01-31 06:01:29,369 - INFO - [DEBUG] 채널 17 - 카테고리 조회 결과: []
2026-01-31 06:01:29,369 - INFO - [DEBUG] 채널 17 - 카테고리 없음
2026-01-31 06:01:29,369 - INFO - [SKIP] 채널 17 - 카테고리 없음
2026-01-31 06:01:29,369 - INFO - [SUCCESS] 채널 17 처리 완료: {'status': 'skip', 'reason': 'No data'}
2026-01-31 06:01:29,369 - INFO - 
================================================================================
2026-01-31 06:01:29,369 - INFO - 채널 처리 중 [37/80]: channel_id=18
2026-01-31 06:01:29,369 - INFO - ================================================================================
2026-01-31 06:01:29,708 - INFO - [DEBUG] 채널 18 - 카테고리 조회 결과: []
2026-01-31 06:01:29,708 - INFO - [DEBUG] 채널 18 - 카테고리 없음
2026-01-31 06:01:29,708 - INFO - [SKIP] 채널 18 - 카테고리 없음
2026-01-31 06:01:29,708 - INFO - [SUCCESS] 채널 18 처리 완료: {'status': 'skip', 'reason': 'No data'}
2026-01-31 06:01:29,708 - INFO - 
================================================================================
2026-01-31 06:01:29,708 - INFO - 채널 처리 중 [38/80]: channel_id=20
2026-01-31 06:01:29,708 - INFO - ================================================================================
2026-01-31 06:01:30,080 - INFO - [DEBUG] 채널 20 - 카테고리 조회 결과: []
2026-01-31 06:01:30,080 - INFO - [DEBUG] 채널 20 - 카테고리 없음
2026-01-31 06:01:30,080 - INFO - [SKIP] 채널 20 - 카테고리 없음
2026-01-31 06:01:30,080 - INFO - [SUCCESS] 채널 20 처리 완료: {'status': 'skip', 'reason': 'No data'}
2026-01-31 06:01:30,080 - INFO - 
================================================================================
2026-01-31 06:01:30,080 - INFO - 채널 처리 중 [39/80]: channel_id=24
2026-01-31 06:01:30,080 - INFO - ================================================================================
2026-01-31 06:01:30,450 - INFO - [DEBUG] 채널 24 - 카테고리 조회 결과: []
2026-01-31 06:01:30,450 - INFO - [DEBUG] 채널 24 - 카테고리 없음
2026-01-31 06:01:30,450 - INFO - [SKIP] 채널 24 - 카테고리 없음
2026-01-31 06:01:30,450 - INFO - [SUCCESS] 채널 24 처리 완료: {'status': 'skip', 'reason': 'No data'}
2026-01-31 06:01:30,450 - INFO - 
================================================================================
2026-01-31 06:01:30,450 - INFO - 채널 처리 중 [40/80]: channel_id=40
2026-01-31 06:01:30,450 - INFO - ================================================================================
2026-01-31 06:01:30,859 - INFO - [DEBUG] 채널 40 - 카테고리 조회 결과: []
2026-01-31 06:01:30,859 - INFO - [DEBUG] 채널 40 - 카테고리 없음
2026-01-31 06:01:30,859 - INFO - [SKIP] 채널 40 - 카테고리 없음
2026-01-31 06:01:30,859 - INFO - [SUCCESS] 채널 40 처리 완료: {'status': 'skip', 'reason': 'No data'}
2026-01-31 06:01:30,859 - INFO - 
================================================================================
2026-01-31 06:01:30,859 - INFO - 채널 처리 중 [41/80]: channel_id=58
2026-01-31 06:01:30,859 - INFO - ================================================================================
2026-01-31 06:01:31,191 - INFO - [DEBUG] 채널 58 - 카테고리 조회 결과: []
2026-01-31 06:01:31,191 - INFO - [DEBUG] 채널 58 - 카테고리 없음
2026-01-31 06:01:31,192 - INFO - [SKIP] 채널 58 - 카테고리 없음
2026-01-31 06:01:31,192 - INFO - [SUCCESS] 채널 58 처리 완료: {'status': 'skip', 'reason': 'No data'}
2026-01-31 06:01:31,192 - INFO - 
================================================================================
2026-01-31 06:01:31,192 - INFO - 채널 처리 중 [42/80]: channel_id=79
2026-01-31 06:01:31,192 - INFO - ================================================================================
2026-01-31 06:01:31,558 - INFO - [DEBUG] 채널 79 - 카테고리 조회 결과: []
2026-01-31 06:01:31,558 - INFO - [DEBUG] 채널 79 - 카테고리 없음
2026-01-31 06:01:31,558 - INFO - [SKIP] 채널 79 - 카테고리 없음
2026-01-31 06:01:31,558 - INFO - [SUCCESS] 채널 79 처리 완료: {'status': 'skip', 'reason': 'No data'}
2026-01-31 06:01:31,558 - INFO - 
================================================================================
2026-01-31 06:01:31,558 - INFO - 채널 처리 중 [43/80]: channel_id=59
2026-01-31 06:01:31,558 - INFO - ================================================================================
2026-01-31 06:01:31,967 - INFO - [DEBUG] 채널 59 - 카테고리 조회 결과: [{'category_id': 12, 'category_name': '기타'}, {'category_id': 26, 'category_name': '채용 공고'}, {'category_id': 27, 'category_name': '취업 특강 및 멘토링'}, {'category_id': 28, 'category_name': '취업 준비 자료'}]
2026-01-31 06:01:32,330 - INFO - [DEBUG] 채널 59 - 총 게시글 수: 52
2026-01-31 06:01:32,733 - INFO - [DEBUG] 채널 59 - 기타 카테고리 게시글 수: 24
2026-01-31 06:01:32,733 - INFO - [DEBUG] 채널 59 - is_initial: False, post_count: 52, etc_ratio: 46.15%
2026-01-31 06:01:32,733 - INFO - [DEBUG] 채널 59 상태 - is_initial=False, post_count=52, etc_ratio=46.15%
2026-01-31 06:01:32,733 - INFO - [TRACK_B] 진입: 채널 59 (etc_ratio=46.15%)
2026-01-31 06:01:33,113 - INFO - [SUCCESS] 채널 59 처리 완료: {'status': 'skip', 'reason': 'No etc posts'}
2026-01-31 06:01:33,113 - INFO - 
================================================================================
2026-01-31 06:01:33,115 - INFO - 채널 처리 중 [44/80]: channel_id=41
2026-01-31 06:01:33,115 - INFO - ================================================================================
2026-01-31 06:01:33,503 - INFO - [DEBUG] 채널 41 - 카테고리 조회 결과: []
2026-01-31 06:01:33,503 - INFO - [DEBUG] 채널 41 - 카테고리 없음
2026-01-31 06:01:33,503 - INFO - [SKIP] 채널 41 - 카테고리 없음
2026-01-31 06:01:33,503 - INFO - [SUCCESS] 채널 41 처리 완료: {'status': 'skip', 'reason': 'No data'}
2026-01-31 06:01:33,503 - INFO - 
================================================================================
2026-01-31 06:01:33,503 - INFO - 채널 처리 중 [45/80]: channel_id=31
2026-01-31 06:01:33,503 - INFO - ================================================================================
2026-01-31 06:01:33,889 - INFO - [DEBUG] 채널 31 - 카테고리 조회 결과: []
2026-01-31 06:01:33,889 - INFO - [DEBUG] 채널 31 - 카테고리 없음
2026-01-31 06:01:33,889 - INFO - [SKIP] 채널 31 - 카테고리 없음
2026-01-31 06:01:33,889 - INFO - [SUCCESS] 채널 31 처리 완료: {'status': 'skip', 'reason': 'No data'}
2026-01-31 06:01:33,889 - INFO - 
================================================================================
2026-01-31 06:01:33,889 - INFO - 채널 처리 중 [46/80]: channel_id=42
2026-01-31 06:01:33,889 - INFO - ================================================================================
2026-01-31 06:01:34,252 - INFO - [DEBUG] 채널 42 - 카테고리 조회 결과: []
2026-01-31 06:01:34,252 - INFO - [DEBUG] 채널 42 - 카테고리 없음
2026-01-31 06:01:34,262 - INFO - [SKIP] 채널 42 - 카테고리 없음
2026-01-31 06:01:34,262 - INFO - [SUCCESS] 채널 42 처리 완료: {'status': 'skip', 'reason': 'No data'}
2026-01-31 06:01:34,262 - INFO - 
================================================================================
2026-01-31 06:01:34,262 - INFO - 채널 처리 중 [47/80]: channel_id=32
2026-01-31 06:01:34,262 - INFO - ================================================================================
2026-01-31 06:01:34,658 - INFO - [DEBUG] 채널 32 - 카테고리 조회 결과: []
2026-01-31 06:01:34,658 - INFO - [DEBUG] 채널 32 - 카테고리 없음
2026-01-31 06:01:34,658 - INFO - [SKIP] 채널 32 - 카테고리 없음
2026-01-31 06:01:34,658 - INFO - [SUCCESS] 채널 32 처리 완료: {'status': 'skip', 'reason': 'No data'}
2026-01-31 06:01:34,658 - INFO - 
================================================================================
2026-01-31 06:01:34,658 - INFO - 채널 처리 중 [48/80]: channel_id=33
2026-01-31 06:01:34,658 - INFO - ================================================================================
2026-01-31 06:01:35,037 - INFO - [DEBUG] 채널 33 - 카테고리 조회 결과: []
2026-01-31 06:01:35,040 - INFO - [DEBUG] 채널 33 - 카테고리 없음
2026-01-31 06:01:35,040 - INFO - [SKIP] 채널 33 - 카테고리 없음
2026-01-31 06:01:35,040 - INFO - [SUCCESS] 채널 33 처리 완료: {'status': 'skip', 'reason': 'No data'}
2026-01-31 06:01:35,040 - INFO - 
================================================================================
2026-01-31 06:01:35,040 - INFO - 채널 처리 중 [49/80]: channel_id=80
2026-01-31 06:01:35,040 - INFO - ================================================================================
2026-01-31 06:01:35,386 - INFO - [DEBUG] 채널 80 - 카테고리 조회 결과: []
2026-01-31 06:01:35,391 - INFO - [DEBUG] 채널 80 - 카테고리 없음
2026-01-31 06:01:35,391 - INFO - [SKIP] 채널 80 - 카테고리 없음
2026-01-31 06:01:35,392 - INFO - [SUCCESS] 채널 80 처리 완료: {'status': 'skip', 'reason': 'No data'}
2026-01-31 06:01:35,392 - INFO - 
================================================================================
2026-01-31 06:01:35,392 - INFO - 채널 처리 중 [50/80]: channel_id=34
2026-01-31 06:01:35,392 - INFO - ================================================================================
2026-01-31 06:01:35,737 - INFO - [DEBUG] 채널 34 - 카테고리 조회 결과: [{'category_id': 10, 'category_name': '기타'}]
2026-01-31 06:01:36,091 - INFO - [DEBUG] 채널 34 - 총 게시글 수: 3
2026-01-31 06:01:36,481 - INFO - [DEBUG] 채널 34 - 기타 카테고리 게시글 수: 3
2026-01-31 06:01:36,481 - INFO - [DEBUG] 채널 34 - is_initial: True, post_count: 3, etc_ratio: 100.00%
2026-01-31 06:01:36,481 - INFO - [DEBUG] 채널 34 상태 - is_initial=True, post_count=3, etc_ratio=100.00%
2026-01-31 06:01:36,481 - INFO - [SKIP] 채널 34 - 조건 미충족
2026-01-31 06:01:36,483 - INFO -   Track A: is_initial=True, post_count=3 (50개 이상 필요)
2026-01-31 06:01:36,483 - INFO -   Track B: is_initial=True (여러 카테고리 필요), etc_ratio=100.00% (20% 이상 필요)
2026-01-31 06:01:36,483 - INFO - [SUCCESS] 채널 34 처리 완료: {'status': 'skip', 'reason': 'Conditions not met'}
2026-01-31 06:01:36,483 - INFO - 
================================================================================
2026-01-31 06:01:36,483 - INFO - 채널 처리 중 [51/80]: channel_id=66
2026-01-31 06:01:36,483 - INFO - ================================================================================
2026-01-31 06:01:36,838 - INFO - [DEBUG] 채널 66 - 카테고리 조회 결과: []
2026-01-31 06:01:36,842 - INFO - [DEBUG] 채널 66 - 카테고리 없음
2026-01-31 06:01:36,842 - INFO - [SKIP] 채널 66 - 카테고리 없음
2026-01-31 06:01:36,842 - INFO - [SUCCESS] 채널 66 처리 완료: {'status': 'skip', 'reason': 'No data'}
2026-01-31 06:01:36,842 - INFO - 
================================================================================
2026-01-31 06:01:36,842 - INFO - 채널 처리 중 [52/80]: channel_id=54
2026-01-31 06:01:36,842 - INFO - ================================================================================
2026-01-31 06:01:37,199 - INFO - [DEBUG] 채널 54 - 카테고리 조회 결과: []
2026-01-31 06:01:37,199 - INFO - [DEBUG] 채널 54 - 카테고리 없음
2026-01-31 06:01:37,199 - INFO - [SKIP] 채널 54 - 카테고리 없음
2026-01-31 06:01:37,199 - INFO - [SUCCESS] 채널 54 처리 완료: {'status': 'skip', 'reason': 'No data'}
2026-01-31 06:01:37,199 - INFO - 
================================================================================
2026-01-31 06:01:37,199 - INFO - 채널 처리 중 [53/80]: channel_id=35
2026-01-31 06:01:37,199 - INFO - ================================================================================
2026-01-31 06:01:37,556 - INFO - [DEBUG] 채널 35 - 카테고리 조회 결과: [{'category_id': 11, 'category_name': '기타'}]
2026-01-31 06:01:37,973 - INFO - [DEBUG] 채널 35 - 총 게시글 수: 4
2026-01-31 06:01:38,352 - INFO - [DEBUG] 채널 35 - 기타 카테고리 게시글 수: 4
2026-01-31 06:01:38,352 - INFO - [DEBUG] 채널 35 - is_initial: True, post_count: 4, etc_ratio: 100.00%
2026-01-31 06:01:38,352 - INFO - [DEBUG] 채널 35 상태 - is_initial=True, post_count=4, etc_ratio=100.00%
2026-01-31 06:01:38,352 - INFO - [SKIP] 채널 35 - 조건 미충족
2026-01-31 06:01:38,352 - INFO -   Track A: is_initial=True, post_count=4 (50개 이상 필요)
2026-01-31 06:01:38,352 - INFO -   Track B: is_initial=True (여러 카테고리 필요), etc_ratio=100.00% (20% 이상 필요)
2026-01-31 06:01:38,352 - INFO - [SUCCESS] 채널 35 처리 완료: {'status': 'skip', 'reason': 'Conditions not met'}
2026-01-31 06:01:38,352 - INFO - 
================================================================================
2026-01-31 06:01:38,352 - INFO - 채널 처리 중 [54/80]: channel_id=36
2026-01-31 06:01:38,352 - INFO - ================================================================================
2026-01-31 06:01:38,695 - INFO - [DEBUG] 채널 36 - 카테고리 조회 결과: []
2026-01-31 06:01:38,695 - INFO - [DEBUG] 채널 36 - 카테고리 없음
2026-01-31 06:01:38,695 - INFO - [SKIP] 채널 36 - 카테고리 없음
2026-01-31 06:01:38,695 - INFO - [SUCCESS] 채널 36 처리 완료: {'status': 'skip', 'reason': 'No data'}
2026-01-31 06:01:38,695 - INFO - 
================================================================================
2026-01-31 06:01:38,702 - INFO - 채널 처리 중 [55/80]: channel_id=37
2026-01-31 06:01:38,703 - INFO - ================================================================================
2026-01-31 06:01:39,052 - INFO - [DEBUG] 채널 37 - 카테고리 조회 결과: []
2026-01-31 06:01:39,053 - INFO - [DEBUG] 채널 37 - 카테고리 없음
2026-01-31 06:01:39,054 - INFO - [SKIP] 채널 37 - 카테고리 없음
2026-01-31 06:01:39,054 - INFO - [SUCCESS] 채널 37 처리 완료: {'status': 'skip', 'reason': 'No data'}
2026-01-31 06:01:39,054 - INFO - 
================================================================================
2026-01-31 06:01:39,054 - INFO - 채널 처리 중 [56/80]: channel_id=74
2026-01-31 06:01:39,054 - INFO - ================================================================================
2026-01-31 06:01:39,431 - INFO - [DEBUG] 채널 74 - 카테고리 조회 결과: []
2026-01-31 06:01:39,431 - INFO - [DEBUG] 채널 74 - 카테고리 없음
2026-01-31 06:01:39,431 - INFO - [SKIP] 채널 74 - 카테고리 없음
2026-01-31 06:01:39,431 - INFO - [SUCCESS] 채널 74 처리 완료: {'status': 'skip', 'reason': 'No data'}
2026-01-31 06:01:39,431 - INFO - 
================================================================================
2026-01-31 06:01:39,431 - INFO - 채널 처리 중 [57/80]: channel_id=38
2026-01-31 06:01:39,431 - INFO - ================================================================================
2026-01-31 06:01:39,829 - INFO - [DEBUG] 채널 38 - 카테고리 조회 결과: [{'category_id': 13, 'category_name': '기타'}]
2026-01-31 06:01:40,209 - INFO - [DEBUG] 채널 38 - 총 게시글 수: 1
2026-01-31 06:01:40,616 - INFO - [DEBUG] 채널 38 - 기타 카테고리 게시글 수: 1
2026-01-31 06:01:40,616 - INFO - [DEBUG] 채널 38 - is_initial: True, post_count: 1, etc_ratio: 100.00%
2026-01-31 06:01:40,616 - INFO - [DEBUG] 채널 38 상태 - is_initial=True, post_count=1, etc_ratio=100.00%
2026-01-31 06:01:40,619 - INFO - [SKIP] 채널 38 - 조건 미충족
2026-01-31 06:01:40,619 - INFO -   Track A: is_initial=True, post_count=1 (50개 이상 필요)
2026-01-31 06:01:40,619 - INFO -   Track B: is_initial=True (여러 카테고리 필요), etc_ratio=100.00% (20% 이상 필요)
2026-01-31 06:01:40,619 - INFO - [SUCCESS] 채널 38 처리 완료: {'status': 'skip', 'reason': 'Conditions not met'}
2026-01-31 06:01:40,619 - INFO - 
================================================================================
2026-01-31 06:01:40,619 - INFO - 채널 처리 중 [58/80]: channel_id=39
2026-01-31 06:01:40,619 - INFO - ================================================================================
2026-01-31 06:01:41,011 - INFO - [DEBUG] 채널 39 - 카테고리 조회 결과: []
2026-01-31 06:01:41,011 - INFO - [DEBUG] 채널 39 - 카테고리 없음
2026-01-31 06:01:41,011 - INFO - [SKIP] 채널 39 - 카테고리 없음
2026-01-31 06:01:41,011 - INFO - [SUCCESS] 채널 39 처리 완료: {'status': 'skip', 'reason': 'No data'}
2026-01-31 06:01:41,011 - INFO - 
================================================================================
2026-01-31 06:01:41,011 - INFO - 채널 처리 중 [59/80]: channel_id=61
2026-01-31 06:01:41,013 - INFO - ================================================================================
2026-01-31 06:01:41,351 - INFO - [DEBUG] 채널 61 - 카테고리 조회 결과: []
2026-01-31 06:01:41,351 - INFO - [DEBUG] 채널 61 - 카테고리 없음
2026-01-31 06:01:41,351 - INFO - [SKIP] 채널 61 - 카테고리 없음
2026-01-31 06:01:41,351 - INFO - [SUCCESS] 채널 61 처리 완료: {'status': 'skip', 'reason': 'No data'}
2026-01-31 06:01:41,351 - INFO - 
================================================================================
2026-01-31 06:01:41,351 - INFO - 채널 처리 중 [60/80]: channel_id=60
2026-01-31 06:01:41,351 - INFO - ================================================================================
2026-01-31 06:01:41,729 - INFO - [DEBUG] 채널 60 - 카테고리 조회 결과: []
2026-01-31 06:01:41,729 - INFO - [DEBUG] 채널 60 - 카테고리 없음
2026-01-31 06:01:41,729 - INFO - [SKIP] 채널 60 - 카테고리 없음
2026-01-31 06:01:41,729 - INFO - [SUCCESS] 채널 60 처리 완료: {'status': 'skip', 'reason': 'No data'}
2026-01-31 06:01:41,732 - INFO - 
================================================================================
2026-01-31 06:01:41,732 - INFO - 채널 처리 중 [61/80]: channel_id=75
2026-01-31 06:01:41,732 - INFO - ================================================================================
2026-01-31 06:01:42,114 - INFO - [DEBUG] 채널 75 - 카테고리 조회 결과: []
2026-01-31 06:01:42,114 - INFO - [DEBUG] 채널 75 - 카테고리 없음
2026-01-31 06:01:42,114 - INFO - [SKIP] 채널 75 - 카테고리 없음
2026-01-31 06:01:42,114 - INFO - [SUCCESS] 채널 75 처리 완료: {'status': 'skip', 'reason': 'No data'}
2026-01-31 06:01:42,114 - INFO - 
================================================================================
2026-01-31 06:01:42,114 - INFO - 채널 처리 중 [62/80]: channel_id=55
2026-01-31 06:01:42,114 - INFO - ================================================================================
2026-01-31 06:01:42,508 - INFO - [DEBUG] 채널 55 - 카테고리 조회 결과: []
2026-01-31 06:01:42,508 - INFO - [DEBUG] 채널 55 - 카테고리 없음
2026-01-31 06:01:42,508 - INFO - [SKIP] 채널 55 - 카테고리 없음
2026-01-31 06:01:42,508 - INFO - [SUCCESS] 채널 55 처리 완료: {'status': 'skip', 'reason': 'No data'}
2026-01-31 06:01:42,512 - INFO - 
================================================================================
2026-01-31 06:01:42,512 - INFO - 채널 처리 중 [63/80]: channel_id=76
2026-01-31 06:01:42,512 - INFO - ================================================================================
2026-01-31 06:01:42,879 - INFO - [DEBUG] 채널 76 - 카테고리 조회 결과: []
2026-01-31 06:01:42,879 - INFO - [DEBUG] 채널 76 - 카테고리 없음
2026-01-31 06:01:42,879 - INFO - [SKIP] 채널 76 - 카테고리 없음
2026-01-31 06:01:42,880 - INFO - [SUCCESS] 채널 76 처리 완료: {'status': 'skip', 'reason': 'No data'}
2026-01-31 06:01:42,880 - INFO - 
================================================================================
2026-01-31 06:01:42,881 - INFO - 채널 처리 중 [64/80]: channel_id=63
2026-01-31 06:01:42,881 - INFO - ================================================================================
2026-01-31 06:01:43,229 - INFO - [DEBUG] 채널 63 - 카테고리 조회 결과: []
2026-01-31 06:01:43,229 - INFO - [DEBUG] 채널 63 - 카테고리 없음
2026-01-31 06:01:43,229 - INFO - [SKIP] 채널 63 - 카테고리 없음
2026-01-31 06:01:43,229 - INFO - [SUCCESS] 채널 63 처리 완료: {'status': 'skip', 'reason': 'No data'}
2026-01-31 06:01:43,229 - INFO - 
================================================================================
2026-01-31 06:01:43,233 - INFO - 채널 처리 중 [65/80]: channel_id=56
2026-01-31 06:01:43,233 - INFO - ================================================================================
2026-01-31 06:01:43,608 - INFO - [DEBUG] 채널 56 - 카테고리 조회 결과: []
2026-01-31 06:01:43,608 - INFO - [DEBUG] 채널 56 - 카테고리 없음
2026-01-31 06:01:43,608 - INFO - [SKIP] 채널 56 - 카테고리 없음
2026-01-31 06:01:43,608 - INFO - [SUCCESS] 채널 56 처리 완료: {'status': 'skip', 'reason': 'No data'}
2026-01-31 06:01:43,608 - INFO - 
================================================================================
2026-01-31 06:01:43,608 - INFO - 채널 처리 중 [66/80]: channel_id=62
2026-01-31 06:01:43,608 - INFO - ================================================================================
2026-01-31 06:01:44,012 - INFO - [DEBUG] 채널 62 - 카테고리 조회 결과: []
2026-01-31 06:01:44,012 - INFO - [DEBUG] 채널 62 - 카테고리 없음
2026-01-31 06:01:44,012 - INFO - [SKIP] 채널 62 - 카테고리 없음
2026-01-31 06:01:44,012 - INFO - [SUCCESS] 채널 62 처리 완료: {'status': 'skip', 'reason': 'No data'}
2026-01-31 06:01:44,012 - INFO - 
================================================================================
2026-01-31 06:01:44,014 - INFO - 채널 처리 중 [67/80]: channel_id=77
2026-01-31 06:01:44,014 - INFO - ================================================================================
2026-01-31 06:01:44,391 - INFO - [DEBUG] 채널 77 - 카테고리 조회 결과: []
2026-01-31 06:01:44,391 - INFO - [DEBUG] 채널 77 - 카테고리 없음
2026-01-31 06:01:44,391 - INFO - [SKIP] 채널 77 - 카테고리 없음
2026-01-31 06:01:44,391 - INFO - [SUCCESS] 채널 77 처리 완료: {'status': 'skip', 'reason': 'No data'}
2026-01-31 06:01:44,391 - INFO - 
================================================================================
2026-01-31 06:01:44,391 - INFO - 채널 처리 중 [68/80]: channel_id=12
2026-01-31 06:01:44,391 - INFO - ================================================================================
2026-01-31 06:01:44,749 - INFO - [DEBUG] 채널 12 - 카테고리 조회 결과: []
2026-01-31 06:01:44,749 - INFO - [DEBUG] 채널 12 - 카테고리 없음
2026-01-31 06:01:44,749 - INFO - [SKIP] 채널 12 - 카테고리 없음
2026-01-31 06:01:44,749 - INFO - [SUCCESS] 채널 12 처리 완료: {'status': 'skip', 'reason': 'No data'}
2026-01-31 06:01:44,749 - INFO - 
================================================================================
2026-01-31 06:01:44,749 - INFO - 채널 처리 중 [69/80]: channel_id=14
2026-01-31 06:01:44,749 - INFO - ================================================================================
2026-01-31 06:01:45,120 - INFO - [DEBUG] 채널 14 - 카테고리 조회 결과: []
2026-01-31 06:01:45,120 - INFO - [DEBUG] 채널 14 - 카테고리 없음
2026-01-31 06:01:45,120 - INFO - [SKIP] 채널 14 - 카테고리 없음
2026-01-31 06:01:45,120 - INFO - [SUCCESS] 채널 14 처리 완료: {'status': 'skip', 'reason': 'No data'}
2026-01-31 06:01:45,120 - INFO - 
================================================================================
2026-01-31 06:01:45,120 - INFO - 채널 처리 중 [70/80]: channel_id=57
2026-01-31 06:01:45,120 - INFO - ================================================================================
2026-01-31 06:01:45,508 - INFO - [DEBUG] 채널 57 - 카테고리 조회 결과: []
2026-01-31 06:01:45,508 - INFO - [DEBUG] 채널 57 - 카테고리 없음
2026-01-31 06:01:45,508 - INFO - [SKIP] 채널 57 - 카테고리 없음
2026-01-31 06:01:45,508 - INFO - [SUCCESS] 채널 57 처리 완료: {'status': 'skip', 'reason': 'No data'}
2026-01-31 06:01:45,508 - INFO - 
================================================================================
2026-01-31 06:01:45,508 - INFO - 채널 처리 중 [71/80]: channel_id=25
2026-01-31 06:01:45,513 - INFO - ================================================================================
2026-01-31 06:01:45,877 - INFO - [DEBUG] 채널 25 - 카테고리 조회 결과: []
2026-01-31 06:01:45,882 - INFO - [DEBUG] 채널 25 - 카테고리 없음
2026-01-31 06:01:45,882 - INFO - [SKIP] 채널 25 - 카테고리 없음
2026-01-31 06:01:45,883 - INFO - [SUCCESS] 채널 25 처리 완료: {'status': 'skip', 'reason': 'No data'}
2026-01-31 06:01:45,883 - INFO - 
================================================================================
2026-01-31 06:01:45,883 - INFO - 채널 처리 중 [72/80]: channel_id=16
2026-01-31 06:01:45,883 - INFO - ================================================================================
2026-01-31 06:01:46,249 - INFO - [DEBUG] 채널 16 - 카테고리 조회 결과: []
2026-01-31 06:01:46,249 - INFO - [DEBUG] 채널 16 - 카테고리 없음
2026-01-31 06:01:46,249 - INFO - [SKIP] 채널 16 - 카테고리 없음
2026-01-31 06:01:46,249 - INFO - [SUCCESS] 채널 16 처리 완료: {'status': 'skip', 'reason': 'No data'}
2026-01-31 06:01:46,249 - INFO - 
================================================================================
2026-01-31 06:01:46,249 - INFO - 채널 처리 중 [73/80]: channel_id=19
2026-01-31 06:01:46,249 - INFO - ================================================================================
2026-01-31 06:01:46,671 - INFO - [DEBUG] 채널 19 - 카테고리 조회 결과: []
2026-01-31 06:01:46,671 - INFO - [DEBUG] 채널 19 - 카테고리 없음
2026-01-31 06:01:46,671 - INFO - [SKIP] 채널 19 - 카테고리 없음
2026-01-31 06:01:46,671 - INFO - [SUCCESS] 채널 19 처리 완료: {'status': 'skip', 'reason': 'No data'}
2026-01-31 06:01:46,671 - INFO - 
================================================================================
2026-01-31 06:01:46,671 - INFO - 채널 처리 중 [74/80]: channel_id=64
2026-01-31 06:01:46,671 - INFO - ================================================================================
2026-01-31 06:01:47,035 - INFO - [DEBUG] 채널 64 - 카테고리 조회 결과: []
2026-01-31 06:01:47,035 - INFO - [DEBUG] 채널 64 - 카테고리 없음
2026-01-31 06:01:47,035 - INFO - [SKIP] 채널 64 - 카테고리 없음
2026-01-31 06:01:47,035 - INFO - [SUCCESS] 채널 64 처리 완료: {'status': 'skip', 'reason': 'No data'}
2026-01-31 06:01:47,035 - INFO - 
================================================================================
2026-01-31 06:01:47,035 - INFO - 채널 처리 중 [75/80]: channel_id=78
2026-01-31 06:01:47,035 - INFO - ================================================================================
2026-01-31 06:01:47,442 - INFO - [DEBUG] 채널 78 - 카테고리 조회 결과: []
2026-01-31 06:01:47,442 - INFO - [DEBUG] 채널 78 - 카테고리 없음
2026-01-31 06:01:47,442 - INFO - [SKIP] 채널 78 - 카테고리 없음
2026-01-31 06:01:47,442 - INFO - [SUCCESS] 채널 78 처리 완료: {'status': 'skip', 'reason': 'No data'}
2026-01-31 06:01:47,442 - INFO - 
================================================================================
2026-01-31 06:01:47,443 - INFO - 채널 처리 중 [76/80]: channel_id=29
2026-01-31 06:01:47,443 - INFO - ================================================================================
2026-01-31 06:01:47,814 - INFO - [DEBUG] 채널 29 - 카테고리 조회 결과: []
2026-01-31 06:01:47,814 - INFO - [DEBUG] 채널 29 - 카테고리 없음
2026-01-31 06:01:47,814 - INFO - [SKIP] 채널 29 - 카테고리 없음
2026-01-31 06:01:47,814 - INFO - [SUCCESS] 채널 29 처리 완료: {'status': 'skip', 'reason': 'No data'}
2026-01-31 06:01:47,814 - INFO - 
================================================================================
2026-01-31 06:01:47,814 - INFO - 채널 처리 중 [77/80]: channel_id=65
2026-01-31 06:01:47,814 - INFO - ================================================================================
2026-01-31 06:01:48,211 - INFO - [DEBUG] 채널 65 - 카테고리 조회 결과: []
2026-01-31 06:01:48,212 - INFO - [DEBUG] 채널 65 - 카테고리 없음
2026-01-31 06:01:48,212 - INFO - [SKIP] 채널 65 - 카테고리 없음
2026-01-31 06:01:48,212 - INFO - [SUCCESS] 채널 65 처리 완료: {'status': 'skip', 'reason': 'No data'}
2026-01-31 06:01:48,212 - INFO - 
================================================================================
2026-01-31 06:01:48,212 - INFO - 채널 처리 중 [78/80]: channel_id=21
2026-01-31 06:01:48,212 - INFO - ================================================================================
2026-01-31 06:01:48,556 - INFO - [DEBUG] 채널 21 - 카테고리 조회 결과: []
2026-01-31 06:01:48,562 - INFO - [DEBUG] 채널 21 - 카테고리 없음
2026-01-31 06:01:48,562 - INFO - [SKIP] 채널 21 - 카테고리 없음
2026-01-31 06:01:48,562 - INFO - [SUCCESS] 채널 21 처리 완료: {'status': 'skip', 'reason': 'No data'}
2026-01-31 06:01:48,562 - INFO - 
================================================================================
2026-01-31 06:01:48,562 - INFO - 채널 처리 중 [79/80]: channel_id=27
2026-01-31 06:01:48,562 - INFO - ================================================================================
2026-01-31 06:01:48,940 - INFO - [DEBUG] 채널 27 - 카테고리 조회 결과: []
2026-01-31 06:01:48,940 - INFO - [DEBUG] 채널 27 - 카테고리 없음
2026-01-31 06:01:48,940 - INFO - [SKIP] 채널 27 - 카테고리 없음
2026-01-31 06:01:48,940 - INFO - [SUCCESS] 채널 27 처리 완료: {'status': 'skip', 'reason': 'No data'}
2026-01-31 06:01:48,940 - INFO - 
================================================================================
2026-01-31 06:01:48,940 - INFO - 채널 처리 중 [80/80]: channel_id=30
2026-01-31 06:01:48,940 - INFO - ================================================================================
2026-01-31 06:01:49,279 - INFO - [DEBUG] 채널 30 - 카테고리 조회 결과: []
2026-01-31 06:01:49,279 - INFO - [DEBUG] 채널 30 - 카테고리 없음
2026-01-31 06:01:49,279 - INFO - [SKIP] 채널 30 - 카테고리 없음
2026-01-31 06:01:49,279 - INFO - [SUCCESS] 채널 30 처리 완료: {'status': 'skip', 'reason': 'No data'}
2026-01-31 06:01:49,279 - INFO - [COMPLETE] 카테고리 최적화 완료: 2026-01-31 06:01:49.279472
