2026-01-31 05:14:51,181 - INFO - [START] 카테고리 최적화 시작: 2026-01-31 05:14:51.181227
2026-01-31 05:14:51,181 - INFO - [FETCH] 채널 목록 조회 중...
2026-01-31 05:14:51,555 - INFO - [SUCCESS] 총 80개 채널 발견
2026-01-31 05:14:51,556 - INFO - 
================================================================================
2026-01-31 05:14:51,556 - INFO - 채널 처리 중 [1/80]: channel_id=44
2026-01-31 05:14:51,556 - INFO - ================================================================================
2026-01-31 05:14:51,933 - INFO - [DEBUG] 채널 44 - 카테고리 조회 결과: []
2026-01-31 05:14:51,942 - INFO - [DEBUG] 채널 44 - 카테고리 없음
2026-01-31 05:14:51,942 - INFO - [SKIP] 채널 44 - 카테고리 없음
2026-01-31 05:14:51,942 - INFO - [SUCCESS] 채널 44 처리 완료: {'status': 'skip', 'reason': 'No data'}
2026-01-31 05:14:51,942 - INFO - 
================================================================================
2026-01-31 05:14:51,942 - INFO - 채널 처리 중 [2/80]: channel_id=69
2026-01-31 05:14:51,942 - INFO - ================================================================================
2026-01-31 05:14:52,303 - INFO - [DEBUG] 채널 69 - 카테고리 조회 결과: []
2026-01-31 05:14:52,303 - INFO - [DEBUG] 채널 69 - 카테고리 없음
2026-01-31 05:14:52,303 - INFO - [SKIP] 채널 69 - 카테고리 없음
2026-01-31 05:14:52,303 - INFO - [SUCCESS] 채널 69 처리 완료: {'status': 'skip', 'reason': 'No data'}
2026-01-31 05:14:52,303 - INFO - 
================================================================================
2026-01-31 05:14:52,303 - INFO - 채널 처리 중 [3/80]: channel_id=49
2026-01-31 05:14:52,303 - INFO - ================================================================================
2026-01-31 05:14:52,653 - INFO - [DEBUG] 채널 49 - 카테고리 조회 결과: []
2026-01-31 05:14:52,653 - INFO - [DEBUG] 채널 49 - 카테고리 없음
2026-01-31 05:14:52,653 - INFO - [SKIP] 채널 49 - 카테고리 없음
2026-01-31 05:14:52,653 - INFO - [SUCCESS] 채널 49 처리 완료: {'status': 'skip', 'reason': 'No data'}
2026-01-31 05:14:52,653 - INFO - 
================================================================================
2026-01-31 05:14:52,653 - INFO - 채널 처리 중 [4/80]: channel_id=15
2026-01-31 05:14:52,653 - INFO - ================================================================================
2026-01-31 05:14:53,032 - INFO - [DEBUG] 채널 15 - 카테고리 조회 결과: []
2026-01-31 05:14:53,032 - INFO - [DEBUG] 채널 15 - 카테고리 없음
2026-01-31 05:14:53,032 - INFO - [SKIP] 채널 15 - 카테고리 없음
2026-01-31 05:14:53,032 - INFO - [SUCCESS] 채널 15 처리 완료: {'status': 'skip', 'reason': 'No data'}
2026-01-31 05:14:53,032 - INFO - 
================================================================================
2026-01-31 05:14:53,032 - INFO - 채널 처리 중 [5/80]: channel_id=67
2026-01-31 05:14:53,032 - INFO - ================================================================================
2026-01-31 05:14:53,394 - INFO - [DEBUG] 채널 67 - 카테고리 조회 결과: []
2026-01-31 05:14:53,394 - INFO - [DEBUG] 채널 67 - 카테고리 없음
2026-01-31 05:14:53,395 - INFO - [SKIP] 채널 67 - 카테고리 없음
2026-01-31 05:14:53,395 - INFO - [SUCCESS] 채널 67 처리 완료: {'status': 'skip', 'reason': 'No data'}
2026-01-31 05:14:53,395 - INFO - 
================================================================================
2026-01-31 05:14:53,395 - INFO - 채널 처리 중 [6/80]: channel_id=45
2026-01-31 05:14:53,395 - INFO - ================================================================================
2026-01-31 05:14:53,793 - INFO - [DEBUG] 채널 45 - 카테고리 조회 결과: []
2026-01-31 05:14:53,796 - INFO - [DEBUG] 채널 45 - 카테고리 없음
2026-01-31 05:14:53,796 - INFO - [SKIP] 채널 45 - 카테고리 없음
2026-01-31 05:14:53,796 - INFO - [SUCCESS] 채널 45 처리 완료: {'status': 'skip', 'reason': 'No data'}
2026-01-31 05:14:53,796 - INFO - 
================================================================================
2026-01-31 05:14:53,796 - INFO - 채널 처리 중 [7/80]: channel_id=46
2026-01-31 05:14:53,796 - INFO - ================================================================================
2026-01-31 05:14:54,148 - INFO - [DEBUG] 채널 46 - 카테고리 조회 결과: []
2026-01-31 05:14:54,148 - INFO - [DEBUG] 채널 46 - 카테고리 없음
2026-01-31 05:14:54,148 - INFO - [SKIP] 채널 46 - 카테고리 없음
2026-01-31 05:14:54,148 - INFO - [SUCCESS] 채널 46 처리 완료: {'status': 'skip', 'reason': 'No data'}
2026-01-31 05:14:54,148 - INFO - 
================================================================================
2026-01-31 05:14:54,148 - INFO - 채널 처리 중 [8/80]: channel_id=70
2026-01-31 05:14:54,158 - INFO - ================================================================================
2026-01-31 05:14:54,535 - INFO - [DEBUG] 채널 70 - 카테고리 조회 결과: []
2026-01-31 05:14:54,535 - INFO - [DEBUG] 채널 70 - 카테고리 없음
2026-01-31 05:14:54,535 - INFO - [SKIP] 채널 70 - 카테고리 없음
2026-01-31 05:14:54,535 - INFO - [SUCCESS] 채널 70 처리 완료: {'status': 'skip', 'reason': 'No data'}
2026-01-31 05:14:54,535 - INFO - 
================================================================================
2026-01-31 05:14:54,535 - INFO - 채널 처리 중 [9/80]: channel_id=71
2026-01-31 05:14:54,535 - INFO - ================================================================================
2026-01-31 05:14:54,910 - INFO - [DEBUG] 채널 71 - 카테고리 조회 결과: []
2026-01-31 05:14:54,910 - INFO - [DEBUG] 채널 71 - 카테고리 없음
2026-01-31 05:14:54,910 - INFO - [SKIP] 채널 71 - 카테고리 없음
2026-01-31 05:14:54,910 - INFO - [SUCCESS] 채널 71 처리 완료: {'status': 'skip', 'reason': 'No data'}
2026-01-31 05:14:54,910 - INFO - 
================================================================================
2026-01-31 05:14:54,910 - INFO - 채널 처리 중 [10/80]: channel_id=72
2026-01-31 05:14:54,910 - INFO - ================================================================================
2026-01-31 05:14:55,283 - INFO - [DEBUG] 채널 72 - 카테고리 조회 결과: []
2026-01-31 05:14:55,283 - INFO - [DEBUG] 채널 72 - 카테고리 없음
2026-01-31 05:14:55,283 - INFO - [SKIP] 채널 72 - 카테고리 없음
2026-01-31 05:14:55,283 - INFO - [SUCCESS] 채널 72 처리 완료: {'status': 'skip', 'reason': 'No data'}
2026-01-31 05:14:55,288 - INFO - 
================================================================================
2026-01-31 05:14:55,288 - INFO - 채널 처리 중 [11/80]: channel_id=47
2026-01-31 05:14:55,289 - INFO - ================================================================================
2026-01-31 05:14:55,668 - INFO - [DEBUG] 채널 47 - 카테고리 조회 결과: []
2026-01-31 05:14:55,668 - INFO - [DEBUG] 채널 47 - 카테고리 없음
2026-01-31 05:14:55,668 - INFO - [SKIP] 채널 47 - 카테고리 없음
2026-01-31 05:14:55,668 - INFO - [SUCCESS] 채널 47 처리 완료: {'status': 'skip', 'reason': 'No data'}
2026-01-31 05:14:55,668 - INFO - 
================================================================================
2026-01-31 05:14:55,668 - INFO - 채널 처리 중 [12/80]: channel_id=48
2026-01-31 05:14:55,668 - INFO - ================================================================================
2026-01-31 05:14:56,047 - INFO - [DEBUG] 채널 48 - 카테고리 조회 결과: []
2026-01-31 05:14:56,047 - INFO - [DEBUG] 채널 48 - 카테고리 없음
2026-01-31 05:14:56,047 - INFO - [SKIP] 채널 48 - 카테고리 없음
2026-01-31 05:14:56,047 - INFO - [SUCCESS] 채널 48 처리 완료: {'status': 'skip', 'reason': 'No data'}
2026-01-31 05:14:56,047 - INFO - 
================================================================================
2026-01-31 05:14:56,047 - INFO - 채널 처리 중 [13/80]: channel_id=1
2026-01-31 05:14:56,047 - INFO - ================================================================================
2026-01-31 05:14:56,415 - INFO - [DEBUG] 채널 1 - 카테고리 조회 결과: [{'category_id': 1, 'category_name': '기타'}, {'category_id': 3, 'category_name': '취업특강정보'}, {'category_id': 4, 'category_name': '개발 관련 문제 해결 도움 요청'}, {'category_id': 5, 'category_name': '스터디/모임 모집'}, {'category_id': 6, 'category_name': '식사/음료 함께 하실 분 모집'}, {'category_id': 7, 'category_name': '기타'}]
2026-01-31 05:14:56,814 - INFO - [DEBUG] 채널 1 - 총 게시글 수: 66
2026-01-31 05:14:57,173 - INFO - [DEBUG] 채널 1 - 기타 카테고리 게시글 수: 18
2026-01-31 05:14:57,173 - INFO - [DEBUG] 채널 1 - is_initial: False, post_count: 66, etc_ratio: 27.27%
2026-01-31 05:14:57,173 - INFO - [DEBUG] 채널 1 상태 - is_initial=False, post_count=66, etc_ratio=27.27%
2026-01-31 05:14:57,176 - INFO - [TRACK_B] 진입: 채널 1 (etc_ratio=27.27%)
2026-01-31 05:14:57,737 - INFO - [SUCCESS] 채널 1 처리 완료: {'status': 'skip', 'reason': 'No etc posts'}
2026-01-31 05:14:57,737 - INFO - 
================================================================================
2026-01-31 05:14:57,737 - INFO - 채널 처리 중 [14/80]: channel_id=43
2026-01-31 05:14:57,737 - INFO - ================================================================================
2026-01-31 05:14:58,579 - INFO - [DEBUG] 채널 43 - 카테고리 조회 결과: []
2026-01-31 05:14:58,579 - INFO - [DEBUG] 채널 43 - 카테고리 없음
2026-01-31 05:14:58,579 - INFO - [SKIP] 채널 43 - 카테고리 없음
2026-01-31 05:14:58,579 - INFO - [SUCCESS] 채널 43 처리 완료: {'status': 'skip', 'reason': 'No data'}
2026-01-31 05:14:58,579 - INFO - 
================================================================================
2026-01-31 05:14:58,579 - INFO - 채널 처리 중 [15/80]: channel_id=50
2026-01-31 05:14:58,579 - INFO - ================================================================================
2026-01-31 05:14:59,371 - INFO - [DEBUG] 채널 50 - 카테고리 조회 결과: []
2026-01-31 05:14:59,371 - INFO - [DEBUG] 채널 50 - 카테고리 없음
2026-01-31 05:14:59,371 - INFO - [SKIP] 채널 50 - 카테고리 없음
2026-01-31 05:14:59,371 - INFO - [SUCCESS] 채널 50 처리 완료: {'status': 'skip', 'reason': 'No data'}
2026-01-31 05:14:59,371 - INFO - 
================================================================================
2026-01-31 05:14:59,372 - INFO - 채널 처리 중 [16/80]: channel_id=5
2026-01-31 05:14:59,372 - INFO - ================================================================================
2026-01-31 05:14:59,892 - INFO - [DEBUG] 채널 5 - 카테고리 조회 결과: []
2026-01-31 05:14:59,892 - INFO - [DEBUG] 채널 5 - 카테고리 없음
2026-01-31 05:14:59,892 - INFO - [SKIP] 채널 5 - 카테고리 없음
2026-01-31 05:14:59,892 - INFO - [SUCCESS] 채널 5 처리 완료: {'status': 'skip', 'reason': 'No data'}
2026-01-31 05:14:59,892 - INFO - 
================================================================================
2026-01-31 05:14:59,892 - INFO - 채널 처리 중 [17/80]: channel_id=7
2026-01-31 05:14:59,892 - INFO - ================================================================================
2026-01-31 05:15:00,313 - INFO - [DEBUG] 채널 7 - 카테고리 조회 결과: []
2026-01-31 05:15:00,313 - INFO - [DEBUG] 채널 7 - 카테고리 없음
2026-01-31 05:15:00,313 - INFO - [SKIP] 채널 7 - 카테고리 없음
2026-01-31 05:15:00,313 - INFO - [SUCCESS] 채널 7 처리 완료: {'status': 'skip', 'reason': 'No data'}
2026-01-31 05:15:00,313 - INFO - 
================================================================================
2026-01-31 05:15:00,319 - INFO - 채널 처리 중 [18/80]: channel_id=51
2026-01-31 05:15:00,319 - INFO - ================================================================================
2026-01-31 05:15:00,714 - INFO - [DEBUG] 채널 51 - 카테고리 조회 결과: []
2026-01-31 05:15:00,714 - INFO - [DEBUG] 채널 51 - 카테고리 없음
2026-01-31 05:15:00,714 - INFO - [SKIP] 채널 51 - 카테고리 없음
2026-01-31 05:15:00,714 - INFO - [SUCCESS] 채널 51 처리 완료: {'status': 'skip', 'reason': 'No data'}
2026-01-31 05:15:00,716 - INFO - 
================================================================================
2026-01-31 05:15:00,716 - INFO - 채널 처리 중 [19/80]: channel_id=22
2026-01-31 05:15:00,716 - INFO - ================================================================================
2026-01-31 05:15:01,124 - INFO - [DEBUG] 채널 22 - 카테고리 조회 결과: []
2026-01-31 05:15:01,124 - INFO - [DEBUG] 채널 22 - 카테고리 없음
2026-01-31 05:15:01,124 - INFO - [SKIP] 채널 22 - 카테고리 없음
2026-01-31 05:15:01,125 - INFO - [SUCCESS] 채널 22 처리 완료: {'status': 'skip', 'reason': 'No data'}
2026-01-31 05:15:01,125 - INFO - 
================================================================================
2026-01-31 05:15:01,125 - INFO - 채널 처리 중 [20/80]: channel_id=52
2026-01-31 05:15:01,125 - INFO - ================================================================================
2026-01-31 05:15:01,524 - INFO - [DEBUG] 채널 52 - 카테고리 조회 결과: []
2026-01-31 05:15:01,524 - INFO - [DEBUG] 채널 52 - 카테고리 없음
2026-01-31 05:15:01,524 - INFO - [SKIP] 채널 52 - 카테고리 없음
2026-01-31 05:15:01,524 - INFO - [SUCCESS] 채널 52 처리 완료: {'status': 'skip', 'reason': 'No data'}
2026-01-31 05:15:01,526 - INFO - 
================================================================================
2026-01-31 05:15:01,526 - INFO - 채널 처리 중 [21/80]: channel_id=23
2026-01-31 05:15:01,526 - INFO - ================================================================================
2026-01-31 05:15:01,856 - INFO - [DEBUG] 채널 23 - 카테고리 조회 결과: []
2026-01-31 05:15:01,856 - INFO - [DEBUG] 채널 23 - 카테고리 없음
2026-01-31 05:15:01,866 - INFO - [SKIP] 채널 23 - 카테고리 없음
2026-01-31 05:15:01,866 - INFO - [SUCCESS] 채널 23 처리 완료: {'status': 'skip', 'reason': 'No data'}
2026-01-31 05:15:01,866 - INFO - 
================================================================================
2026-01-31 05:15:01,866 - INFO - 채널 처리 중 [22/80]: channel_id=2
2026-01-31 05:15:01,866 - INFO - ================================================================================
2026-01-31 05:15:02,216 - INFO - [DEBUG] 채널 2 - 카테고리 조회 결과: [{'category_id': 8, 'category_name': '기타'}]
2026-01-31 05:15:02,611 - INFO - [DEBUG] 채널 2 - 총 게시글 수: 1
2026-01-31 05:15:02,969 - INFO - [DEBUG] 채널 2 - 기타 카테고리 게시글 수: 1
2026-01-31 05:15:02,975 - INFO - [DEBUG] 채널 2 - is_initial: True, post_count: 1, etc_ratio: 100.00%
2026-01-31 05:15:02,975 - INFO - [DEBUG] 채널 2 상태 - is_initial=True, post_count=1, etc_ratio=100.00%
2026-01-31 05:15:02,975 - INFO - [TRACK_B] 진입: 채널 2 (etc_ratio=100.00%)
2026-01-31 05:15:03,347 - INFO - [SUCCESS] 채널 2 처리 완료: {'status': 'skip', 'reason': 'No etc posts'}
2026-01-31 05:15:03,347 - INFO - 
================================================================================
2026-01-31 05:15:03,349 - INFO - 채널 처리 중 [23/80]: channel_id=26
2026-01-31 05:15:03,349 - INFO - ================================================================================
2026-01-31 05:15:03,741 - INFO - [DEBUG] 채널 26 - 카테고리 조회 결과: []
2026-01-31 05:15:03,741 - INFO - [DEBUG] 채널 26 - 카테고리 없음
2026-01-31 05:15:03,741 - INFO - [SKIP] 채널 26 - 카테고리 없음
2026-01-31 05:15:03,741 - INFO - [SUCCESS] 채널 26 처리 완료: {'status': 'skip', 'reason': 'No data'}
2026-01-31 05:15:03,741 - INFO - 
================================================================================
2026-01-31 05:15:03,741 - INFO - 채널 처리 중 [24/80]: channel_id=3
2026-01-31 05:15:03,741 - INFO - ================================================================================
2026-01-31 05:15:04,093 - INFO - [DEBUG] 채널 3 - 카테고리 조회 결과: []
2026-01-31 05:15:04,093 - INFO - [DEBUG] 채널 3 - 카테고리 없음
2026-01-31 05:15:04,093 - INFO - [SKIP] 채널 3 - 카테고리 없음
2026-01-31 05:15:04,093 - INFO - [SUCCESS] 채널 3 처리 완료: {'status': 'skip', 'reason': 'No data'}
2026-01-31 05:15:04,096 - INFO - 
================================================================================
2026-01-31 05:15:04,096 - INFO - 채널 처리 중 [25/80]: channel_id=28
2026-01-31 05:15:04,096 - INFO - ================================================================================
2026-01-31 05:15:04,445 - INFO - [DEBUG] 채널 28 - 카테고리 조회 결과: []
2026-01-31 05:15:04,445 - INFO - [DEBUG] 채널 28 - 카테고리 없음
2026-01-31 05:15:04,445 - INFO - [SKIP] 채널 28 - 카테고리 없음
2026-01-31 05:15:04,445 - INFO - [SUCCESS] 채널 28 처리 완료: {'status': 'skip', 'reason': 'No data'}
2026-01-31 05:15:04,445 - INFO - 
================================================================================
2026-01-31 05:15:04,445 - INFO - 채널 처리 중 [26/80]: channel_id=53
2026-01-31 05:15:04,445 - INFO - ================================================================================
2026-01-31 05:15:04,825 - INFO - [DEBUG] 채널 53 - 카테고리 조회 결과: []
2026-01-31 05:15:04,825 - INFO - [DEBUG] 채널 53 - 카테고리 없음
2026-01-31 05:15:04,825 - INFO - [SKIP] 채널 53 - 카테고리 없음
2026-01-31 05:15:04,825 - INFO - [SUCCESS] 채널 53 처리 완료: {'status': 'skip', 'reason': 'No data'}
2026-01-31 05:15:04,825 - INFO - 
================================================================================
2026-01-31 05:15:04,825 - INFO - 채널 처리 중 [27/80]: channel_id=4
2026-01-31 05:15:04,825 - INFO - ================================================================================
2026-01-31 05:15:05,163 - INFO - [DEBUG] 채널 4 - 카테고리 조회 결과: []
2026-01-31 05:15:05,163 - INFO - [DEBUG] 채널 4 - 카테고리 없음
2026-01-31 05:15:05,163 - INFO - [SKIP] 채널 4 - 카테고리 없음
2026-01-31 05:15:05,163 - INFO - [SUCCESS] 채널 4 처리 완료: {'status': 'skip', 'reason': 'No data'}
2026-01-31 05:15:05,163 - INFO - 
================================================================================
2026-01-31 05:15:05,163 - INFO - 채널 처리 중 [28/80]: channel_id=6
2026-01-31 05:15:05,163 - INFO - ================================================================================
2026-01-31 05:15:05,549 - INFO - [DEBUG] 채널 6 - 카테고리 조회 결과: [{'category_id': 9, 'category_name': '기타'}]
2026-01-31 05:15:05,933 - INFO - [DEBUG] 채널 6 - 총 게시글 수: 2
2026-01-31 05:15:06,320 - INFO - [DEBUG] 채널 6 - 기타 카테고리 게시글 수: 2
2026-01-31 05:15:06,320 - INFO - [DEBUG] 채널 6 - is_initial: True, post_count: 2, etc_ratio: 100.00%
2026-01-31 05:15:06,320 - INFO - [DEBUG] 채널 6 상태 - is_initial=True, post_count=2, etc_ratio=100.00%
2026-01-31 05:15:06,320 - INFO - [TRACK_B] 진입: 채널 6 (etc_ratio=100.00%)
2026-01-31 05:15:06,720 - INFO - [SUCCESS] 채널 6 처리 완료: {'status': 'skip', 'reason': 'No etc posts'}
2026-01-31 05:15:06,720 - INFO - 
================================================================================
2026-01-31 05:15:06,720 - INFO - 채널 처리 중 [29/80]: channel_id=73
2026-01-31 05:15:06,720 - INFO - ================================================================================
2026-01-31 05:15:07,094 - INFO - [DEBUG] 채널 73 - 카테고리 조회 결과: []
2026-01-31 05:15:07,094 - INFO - [DEBUG] 채널 73 - 카테고리 없음
2026-01-31 05:15:07,094 - INFO - [SKIP] 채널 73 - 카테고리 없음
2026-01-31 05:15:07,094 - INFO - [SUCCESS] 채널 73 처리 완료: {'status': 'skip', 'reason': 'No data'}
2026-01-31 05:15:07,094 - INFO - 
================================================================================
2026-01-31 05:15:07,094 - INFO - 채널 처리 중 [30/80]: channel_id=8
2026-01-31 05:15:07,094 - INFO - ================================================================================
2026-01-31 05:15:07,474 - INFO - [DEBUG] 채널 8 - 카테고리 조회 결과: []
2026-01-31 05:15:07,474 - INFO - [DEBUG] 채널 8 - 카테고리 없음
2026-01-31 05:15:07,474 - INFO - [SKIP] 채널 8 - 카테고리 없음
2026-01-31 05:15:07,474 - INFO - [SUCCESS] 채널 8 처리 완료: {'status': 'skip', 'reason': 'No data'}
2026-01-31 05:15:07,474 - INFO - 
================================================================================
2026-01-31 05:15:07,474 - INFO - 채널 처리 중 [31/80]: channel_id=9
2026-01-31 05:15:07,474 - INFO - ================================================================================
2026-01-31 05:15:07,804 - INFO - [DEBUG] 채널 9 - 카테고리 조회 결과: []
2026-01-31 05:15:07,804 - INFO - [DEBUG] 채널 9 - 카테고리 없음
2026-01-31 05:15:07,804 - INFO - [SKIP] 채널 9 - 카테고리 없음
2026-01-31 05:15:07,804 - INFO - [SUCCESS] 채널 9 처리 완료: {'status': 'skip', 'reason': 'No data'}
2026-01-31 05:15:07,814 - INFO - 
================================================================================
2026-01-31 05:15:07,814 - INFO - 채널 처리 중 [32/80]: channel_id=10
2026-01-31 05:15:07,814 - INFO - ================================================================================
2026-01-31 05:15:08,199 - INFO - [DEBUG] 채널 10 - 카테고리 조회 결과: []
2026-01-31 05:15:08,199 - INFO - [DEBUG] 채널 10 - 카테고리 없음
2026-01-31 05:15:08,199 - INFO - [SKIP] 채널 10 - 카테고리 없음
2026-01-31 05:15:08,199 - INFO - [SUCCESS] 채널 10 처리 완료: {'status': 'skip', 'reason': 'No data'}
2026-01-31 05:15:08,199 - INFO - 
================================================================================
2026-01-31 05:15:08,199 - INFO - 채널 처리 중 [33/80]: channel_id=68
2026-01-31 05:15:08,199 - INFO - ================================================================================
2026-01-31 05:15:08,573 - INFO - [DEBUG] 채널 68 - 카테고리 조회 결과: []
2026-01-31 05:15:08,573 - INFO - [DEBUG] 채널 68 - 카테고리 없음
2026-01-31 05:15:08,573 - INFO - [SKIP] 채널 68 - 카테고리 없음
2026-01-31 05:15:08,573 - INFO - [SUCCESS] 채널 68 처리 완료: {'status': 'skip', 'reason': 'No data'}
2026-01-31 05:15:08,573 - INFO - 
================================================================================
2026-01-31 05:15:08,573 - INFO - 채널 처리 중 [34/80]: channel_id=11
2026-01-31 05:15:08,573 - INFO - ================================================================================
2026-01-31 05:15:08,932 - INFO - [DEBUG] 채널 11 - 카테고리 조회 결과: []
2026-01-31 05:15:08,932 - INFO - [DEBUG] 채널 11 - 카테고리 없음
2026-01-31 05:15:08,932 - INFO - [SKIP] 채널 11 - 카테고리 없음
2026-01-31 05:15:08,937 - INFO - [SUCCESS] 채널 11 처리 완료: {'status': 'skip', 'reason': 'No data'}
2026-01-31 05:15:08,937 - INFO - 
================================================================================
2026-01-31 05:15:08,937 - INFO - 채널 처리 중 [35/80]: channel_id=13
2026-01-31 05:15:08,937 - INFO - ================================================================================
2026-01-31 05:15:09,311 - INFO - [DEBUG] 채널 13 - 카테고리 조회 결과: []
2026-01-31 05:15:09,311 - INFO - [DEBUG] 채널 13 - 카테고리 없음
2026-01-31 05:15:09,311 - INFO - [SKIP] 채널 13 - 카테고리 없음
2026-01-31 05:15:09,311 - INFO - [SUCCESS] 채널 13 처리 완료: {'status': 'skip', 'reason': 'No data'}
2026-01-31 05:15:09,311 - INFO - 
================================================================================
2026-01-31 05:15:09,311 - INFO - 채널 처리 중 [36/80]: channel_id=17
2026-01-31 05:15:09,311 - INFO - ================================================================================
2026-01-31 05:15:09,710 - INFO - [DEBUG] 채널 17 - 카테고리 조회 결과: []
2026-01-31 05:15:09,710 - INFO - [DEBUG] 채널 17 - 카테고리 없음
2026-01-31 05:15:09,710 - INFO - [SKIP] 채널 17 - 카테고리 없음
2026-01-31 05:15:09,710 - INFO - [SUCCESS] 채널 17 처리 완료: {'status': 'skip', 'reason': 'No data'}
2026-01-31 05:15:09,710 - INFO - 
================================================================================
2026-01-31 05:15:09,710 - INFO - 채널 처리 중 [37/80]: channel_id=18
2026-01-31 05:15:09,710 - INFO - ================================================================================
2026-01-31 05:15:10,090 - INFO - [DEBUG] 채널 18 - 카테고리 조회 결과: []
2026-01-31 05:15:10,090 - INFO - [DEBUG] 채널 18 - 카테고리 없음
2026-01-31 05:15:10,090 - INFO - [SKIP] 채널 18 - 카테고리 없음
2026-01-31 05:15:10,090 - INFO - [SUCCESS] 채널 18 처리 완료: {'status': 'skip', 'reason': 'No data'}
2026-01-31 05:15:10,090 - INFO - 
================================================================================
2026-01-31 05:15:10,090 - INFO - 채널 처리 중 [38/80]: channel_id=20
2026-01-31 05:15:10,090 - INFO - ================================================================================
2026-01-31 05:15:10,473 - INFO - [DEBUG] 채널 20 - 카테고리 조회 결과: []
2026-01-31 05:15:10,473 - INFO - [DEBUG] 채널 20 - 카테고리 없음
2026-01-31 05:15:10,475 - INFO - [SKIP] 채널 20 - 카테고리 없음
2026-01-31 05:15:10,475 - INFO - [SUCCESS] 채널 20 처리 완료: {'status': 'skip', 'reason': 'No data'}
2026-01-31 05:15:10,475 - INFO - 
================================================================================
2026-01-31 05:15:10,475 - INFO - 채널 처리 중 [39/80]: channel_id=24
2026-01-31 05:15:10,475 - INFO - ================================================================================
2026-01-31 05:15:10,883 - INFO - [DEBUG] 채널 24 - 카테고리 조회 결과: []
2026-01-31 05:15:10,883 - INFO - [DEBUG] 채널 24 - 카테고리 없음
2026-01-31 05:15:10,883 - INFO - [SKIP] 채널 24 - 카테고리 없음
2026-01-31 05:15:10,883 - INFO - [SUCCESS] 채널 24 처리 완료: {'status': 'skip', 'reason': 'No data'}
2026-01-31 05:15:10,883 - INFO - 
================================================================================
2026-01-31 05:15:10,883 - INFO - 채널 처리 중 [40/80]: channel_id=40
2026-01-31 05:15:10,883 - INFO - ================================================================================
2026-01-31 05:15:11,271 - INFO - [DEBUG] 채널 40 - 카테고리 조회 결과: []
2026-01-31 05:15:11,271 - INFO - [DEBUG] 채널 40 - 카테고리 없음
2026-01-31 05:15:11,271 - INFO - [SKIP] 채널 40 - 카테고리 없음
2026-01-31 05:15:11,271 - INFO - [SUCCESS] 채널 40 처리 완료: {'status': 'skip', 'reason': 'No data'}
2026-01-31 05:15:11,271 - INFO - 
================================================================================
2026-01-31 05:15:11,271 - INFO - 채널 처리 중 [41/80]: channel_id=58
2026-01-31 05:15:11,271 - INFO - ================================================================================
2026-01-31 05:15:11,641 - INFO - [DEBUG] 채널 58 - 카테고리 조회 결과: []
2026-01-31 05:15:11,641 - INFO - [DEBUG] 채널 58 - 카테고리 없음
2026-01-31 05:15:11,641 - INFO - [SKIP] 채널 58 - 카테고리 없음
2026-01-31 05:15:11,641 - INFO - [SUCCESS] 채널 58 처리 완료: {'status': 'skip', 'reason': 'No data'}
2026-01-31 05:15:11,641 - INFO - 
================================================================================
2026-01-31 05:15:11,641 - INFO - 채널 처리 중 [42/80]: channel_id=79
2026-01-31 05:15:11,647 - INFO - ================================================================================
2026-01-31 05:15:11,993 - INFO - [DEBUG] 채널 79 - 카테고리 조회 결과: []
2026-01-31 05:15:11,993 - INFO - [DEBUG] 채널 79 - 카테고리 없음
2026-01-31 05:15:11,993 - INFO - [SKIP] 채널 79 - 카테고리 없음
2026-01-31 05:15:11,993 - INFO - [SUCCESS] 채널 79 처리 완료: {'status': 'skip', 'reason': 'No data'}
2026-01-31 05:15:11,993 - INFO - 
================================================================================
2026-01-31 05:15:11,993 - INFO - 채널 처리 중 [43/80]: channel_id=59
2026-01-31 05:15:11,993 - INFO - ================================================================================
2026-01-31 05:15:12,414 - INFO - [DEBUG] 채널 59 - 카테고리 조회 결과: [{'category_id': 12, 'category_name': '기타'}]
2026-01-31 05:15:12,767 - INFO - [DEBUG] 채널 59 - 총 게시글 수: 52
2026-01-31 05:15:13,148 - INFO - [DEBUG] 채널 59 - 기타 카테고리 게시글 수: 52
2026-01-31 05:15:13,148 - INFO - [DEBUG] 채널 59 - is_initial: True, post_count: 52, etc_ratio: 100.00%
2026-01-31 05:15:13,148 - INFO - [DEBUG] 채널 59 상태 - is_initial=True, post_count=52, etc_ratio=100.00%
2026-01-31 05:15:13,148 - INFO - [TRACK_A] 진입: 채널 59 (is_initial=True, post_count=52)
2026-01-31 05:15:18,102 - INFO - [EMBEDDING] API 호출 중... (텍스트 길이: 39자)
2026-01-31 05:15:19,623 - INFO - [EMBEDDING] 응답 상태 코드: 200
2026-01-31 05:15:19,623 - INFO - [EMBEDDING_SUCCESS] 벡터 생성 성공 (차원: 1536)
2026-01-31 05:15:20,009 - INFO - [SUCCESS] 카테고리 '채용 공고' 생성 (임베딩 포함)
2026-01-31 05:15:20,383 - INFO - [EMBEDDING] API 호출 중... (텍스트 길이: 67자)
2026-01-31 05:15:22,188 - INFO - [EMBEDDING] 응답 상태 코드: 200
2026-01-31 05:15:22,188 - INFO - [EMBEDDING_SUCCESS] 벡터 생성 성공 (차원: 1536)
2026-01-31 05:15:22,574 - INFO - [SUCCESS] 카테고리 '취업 특강 및 멘토링' 생성 (임베딩 포함)
2026-01-31 05:15:22,961 - INFO - [EMBEDDING] API 호출 중... (텍스트 길이: 44자)
2026-01-31 05:15:24,510 - INFO - [EMBEDDING] 응답 상태 코드: 200
2026-01-31 05:15:24,511 - INFO - [EMBEDDING_SUCCESS] 벡터 생성 성공 (차원: 1536)
2026-01-31 05:15:24,907 - INFO - [SUCCESS] 카테고리 '취업 준비 자료' 생성 (임베딩 포함)
2026-01-31 05:16:31,825 - INFO - [SUCCESS] 채널 59 - 51개 게시글 분류 완료 (임베딩 기반, 임계값=0.4)
2026-01-31 05:16:31,825 - INFO - [SUCCESS] Track A 완료: 채널 59, 카테고리 3개 생성
2026-01-31 05:16:31,825 - INFO - [SUCCESS] 채널 59 처리 완료: {'status': 'success', 'track': 'A', 'new_categories': 3, 'classified_posts': 52}
2026-01-31 05:16:31,825 - INFO - 
================================================================================
2026-01-31 05:16:31,825 - INFO - 채널 처리 중 [44/80]: channel_id=41
2026-01-31 05:16:31,825 - INFO - ================================================================================
2026-01-31 05:16:32,203 - INFO - [DEBUG] 채널 41 - 카테고리 조회 결과: []
2026-01-31 05:16:32,203 - INFO - [DEBUG] 채널 41 - 카테고리 없음
2026-01-31 05:16:32,203 - INFO - [SKIP] 채널 41 - 카테고리 없음
2026-01-31 05:16:32,203 - INFO - [SUCCESS] 채널 41 처리 완료: {'status': 'skip', 'reason': 'No data'}
2026-01-31 05:16:32,203 - INFO - 
================================================================================
2026-01-31 05:16:32,207 - INFO - 채널 처리 중 [45/80]: channel_id=31
2026-01-31 05:16:32,207 - INFO - ================================================================================
2026-01-31 05:16:32,613 - INFO - [DEBUG] 채널 31 - 카테고리 조회 결과: []
2026-01-31 05:16:32,613 - INFO - [DEBUG] 채널 31 - 카테고리 없음
2026-01-31 05:16:32,613 - INFO - [SKIP] 채널 31 - 카테고리 없음
2026-01-31 05:16:32,613 - INFO - [SUCCESS] 채널 31 처리 완료: {'status': 'skip', 'reason': 'No data'}
2026-01-31 05:16:32,613 - INFO - 
================================================================================
2026-01-31 05:16:32,618 - INFO - 채널 처리 중 [46/80]: channel_id=42
2026-01-31 05:16:32,618 - INFO - ================================================================================
2026-01-31 05:16:32,985 - INFO - [DEBUG] 채널 42 - 카테고리 조회 결과: []
2026-01-31 05:16:32,986 - INFO - [DEBUG] 채널 42 - 카테고리 없음
2026-01-31 05:16:32,986 - INFO - [SKIP] 채널 42 - 카테고리 없음
2026-01-31 05:16:32,987 - INFO - [SUCCESS] 채널 42 처리 완료: {'status': 'skip', 'reason': 'No data'}
2026-01-31 05:16:32,988 - INFO - 
================================================================================
2026-01-31 05:16:32,988 - INFO - 채널 처리 중 [47/80]: channel_id=32
2026-01-31 05:16:32,988 - INFO - ================================================================================
2026-01-31 05:16:33,391 - INFO - [DEBUG] 채널 32 - 카테고리 조회 결과: []
2026-01-31 05:16:33,391 - INFO - [DEBUG] 채널 32 - 카테고리 없음
2026-01-31 05:16:33,391 - INFO - [SKIP] 채널 32 - 카테고리 없음
2026-01-31 05:16:33,391 - INFO - [SUCCESS] 채널 32 처리 완료: {'status': 'skip', 'reason': 'No data'}
2026-01-31 05:16:33,391 - INFO - 
================================================================================
2026-01-31 05:16:33,391 - INFO - 채널 처리 중 [48/80]: channel_id=33
2026-01-31 05:16:33,391 - INFO - ================================================================================
2026-01-31 05:16:33,764 - INFO - [DEBUG] 채널 33 - 카테고리 조회 결과: []
2026-01-31 05:16:33,764 - INFO - [DEBUG] 채널 33 - 카테고리 없음
2026-01-31 05:16:33,764 - INFO - [SKIP] 채널 33 - 카테고리 없음
2026-01-31 05:16:33,764 - INFO - [SUCCESS] 채널 33 처리 완료: {'status': 'skip', 'reason': 'No data'}
2026-01-31 05:16:33,764 - INFO - 
================================================================================
2026-01-31 05:16:33,764 - INFO - 채널 처리 중 [49/80]: channel_id=80
2026-01-31 05:16:33,764 - INFO - ================================================================================
2026-01-31 05:16:34,132 - INFO - [DEBUG] 채널 80 - 카테고리 조회 결과: []
2026-01-31 05:16:34,132 - INFO - [DEBUG] 채널 80 - 카테고리 없음
2026-01-31 05:16:34,135 - INFO - [SKIP] 채널 80 - 카테고리 없음
2026-01-31 05:16:34,135 - INFO - [SUCCESS] 채널 80 처리 완료: {'status': 'skip', 'reason': 'No data'}
2026-01-31 05:16:34,137 - INFO - 
================================================================================
2026-01-31 05:16:34,137 - INFO - 채널 처리 중 [50/80]: channel_id=34
2026-01-31 05:16:34,137 - INFO - ================================================================================
2026-01-31 05:16:34,515 - INFO - [DEBUG] 채널 34 - 카테고리 조회 결과: [{'category_id': 10, 'category_name': '기타'}]
2026-01-31 05:16:34,872 - INFO - [DEBUG] 채널 34 - 총 게시글 수: 3
2026-01-31 05:16:35,225 - INFO - [DEBUG] 채널 34 - 기타 카테고리 게시글 수: 3
2026-01-31 05:16:35,225 - INFO - [DEBUG] 채널 34 - is_initial: True, post_count: 3, etc_ratio: 100.00%
2026-01-31 05:16:35,225 - INFO - [DEBUG] 채널 34 상태 - is_initial=True, post_count=3, etc_ratio=100.00%
2026-01-31 05:16:35,225 - INFO - [TRACK_B] 진입: 채널 34 (etc_ratio=100.00%)
2026-01-31 05:16:35,615 - INFO - [SUCCESS] 채널 34 처리 완료: {'status': 'skip', 'reason': 'No etc posts'}
2026-01-31 05:16:35,615 - INFO - 
================================================================================
2026-01-31 05:16:35,615 - INFO - 채널 처리 중 [51/80]: channel_id=66
2026-01-31 05:16:35,617 - INFO - ================================================================================
2026-01-31 05:16:35,988 - INFO - [DEBUG] 채널 66 - 카테고리 조회 결과: []
2026-01-31 05:16:35,988 - INFO - [DEBUG] 채널 66 - 카테고리 없음
2026-01-31 05:16:35,988 - INFO - [SKIP] 채널 66 - 카테고리 없음
2026-01-31 05:16:35,988 - INFO - [SUCCESS] 채널 66 처리 완료: {'status': 'skip', 'reason': 'No data'}
2026-01-31 05:16:35,988 - INFO - 
================================================================================
2026-01-31 05:16:35,988 - INFO - 채널 처리 중 [52/80]: channel_id=54
2026-01-31 05:16:35,988 - INFO - ================================================================================
2026-01-31 05:16:36,391 - INFO - [DEBUG] 채널 54 - 카테고리 조회 결과: []
2026-01-31 05:16:36,391 - INFO - [DEBUG] 채널 54 - 카테고리 없음
2026-01-31 05:16:36,398 - INFO - [SKIP] 채널 54 - 카테고리 없음
2026-01-31 05:16:36,399 - INFO - [SUCCESS] 채널 54 처리 완료: {'status': 'skip', 'reason': 'No data'}
2026-01-31 05:16:36,400 - INFO - 
================================================================================
2026-01-31 05:16:36,400 - INFO - 채널 처리 중 [53/80]: channel_id=35
2026-01-31 05:16:36,400 - INFO - ================================================================================
2026-01-31 05:16:36,770 - INFO - [DEBUG] 채널 35 - 카테고리 조회 결과: [{'category_id': 11, 'category_name': '기타'}]
2026-01-31 05:16:37,154 - INFO - [DEBUG] 채널 35 - 총 게시글 수: 4
2026-01-31 05:16:37,548 - INFO - [DEBUG] 채널 35 - 기타 카테고리 게시글 수: 4
2026-01-31 05:16:37,548 - INFO - [DEBUG] 채널 35 - is_initial: True, post_count: 4, etc_ratio: 100.00%
2026-01-31 05:16:37,548 - INFO - [DEBUG] 채널 35 상태 - is_initial=True, post_count=4, etc_ratio=100.00%
2026-01-31 05:16:37,548 - INFO - [TRACK_B] 진입: 채널 35 (etc_ratio=100.00%)
2026-01-31 05:16:37,956 - INFO - [SUCCESS] 채널 35 처리 완료: {'status': 'skip', 'reason': 'No etc posts'}
2026-01-31 05:16:37,956 - INFO - 
================================================================================
2026-01-31 05:16:37,956 - INFO - 채널 처리 중 [54/80]: channel_id=36
2026-01-31 05:16:37,956 - INFO - ================================================================================
2026-01-31 05:16:38,319 - INFO - [DEBUG] 채널 36 - 카테고리 조회 결과: []
2026-01-31 05:16:38,319 - INFO - [DEBUG] 채널 36 - 카테고리 없음
2026-01-31 05:16:38,319 - INFO - [SKIP] 채널 36 - 카테고리 없음
2026-01-31 05:16:38,319 - INFO - [SUCCESS] 채널 36 처리 완료: {'status': 'skip', 'reason': 'No data'}
2026-01-31 05:16:38,319 - INFO - 
================================================================================
2026-01-31 05:16:38,319 - INFO - 채널 처리 중 [55/80]: channel_id=37
2026-01-31 05:16:38,319 - INFO - ================================================================================
2026-01-31 05:16:38,697 - INFO - [DEBUG] 채널 37 - 카테고리 조회 결과: []
2026-01-31 05:16:38,697 - INFO - [DEBUG] 채널 37 - 카테고리 없음
2026-01-31 05:16:38,697 - INFO - [SKIP] 채널 37 - 카테고리 없음
2026-01-31 05:16:38,697 - INFO - [SUCCESS] 채널 37 처리 완료: {'status': 'skip', 'reason': 'No data'}
2026-01-31 05:16:38,697 - INFO - 
================================================================================
2026-01-31 05:16:38,697 - INFO - 채널 처리 중 [56/80]: channel_id=74
2026-01-31 05:16:38,697 - INFO - ================================================================================
2026-01-31 05:16:39,104 - INFO - [DEBUG] 채널 74 - 카테고리 조회 결과: []
2026-01-31 05:16:39,105 - INFO - [DEBUG] 채널 74 - 카테고리 없음
2026-01-31 05:16:39,105 - INFO - [SKIP] 채널 74 - 카테고리 없음
2026-01-31 05:16:39,106 - INFO - [SUCCESS] 채널 74 처리 완료: {'status': 'skip', 'reason': 'No data'}
2026-01-31 05:16:39,106 - INFO - 
================================================================================
2026-01-31 05:16:39,106 - INFO - 채널 처리 중 [57/80]: channel_id=38
2026-01-31 05:16:39,106 - INFO - ================================================================================
2026-01-31 05:16:39,455 - INFO - [DEBUG] 채널 38 - 카테고리 조회 결과: [{'category_id': 13, 'category_name': '기타'}]
2026-01-31 05:16:39,818 - INFO - [DEBUG] 채널 38 - 총 게시글 수: 1
2026-01-31 05:16:40,187 - INFO - [DEBUG] 채널 38 - 기타 카테고리 게시글 수: 1
2026-01-31 05:16:40,187 - INFO - [DEBUG] 채널 38 - is_initial: True, post_count: 1, etc_ratio: 100.00%
2026-01-31 05:16:40,187 - INFO - [DEBUG] 채널 38 상태 - is_initial=True, post_count=1, etc_ratio=100.00%
2026-01-31 05:16:40,187 - INFO - [TRACK_B] 진입: 채널 38 (etc_ratio=100.00%)
2026-01-31 05:16:40,561 - INFO - [SUCCESS] 채널 38 처리 완료: {'status': 'skip', 'reason': 'No etc posts'}
2026-01-31 05:16:40,561 - INFO - 
================================================================================
2026-01-31 05:16:40,562 - INFO - 채널 처리 중 [58/80]: channel_id=39
2026-01-31 05:16:40,562 - INFO - ================================================================================
2026-01-31 05:16:40,942 - INFO - [DEBUG] 채널 39 - 카테고리 조회 결과: []
2026-01-31 05:16:40,942 - INFO - [DEBUG] 채널 39 - 카테고리 없음
2026-01-31 05:16:40,942 - INFO - [SKIP] 채널 39 - 카테고리 없음
2026-01-31 05:16:40,946 - INFO - [SUCCESS] 채널 39 처리 완료: {'status': 'skip', 'reason': 'No data'}
2026-01-31 05:16:40,946 - INFO - 
================================================================================
2026-01-31 05:16:40,946 - INFO - 채널 처리 중 [59/80]: channel_id=61
2026-01-31 05:16:40,946 - INFO - ================================================================================
2026-01-31 05:16:41,312 - INFO - [DEBUG] 채널 61 - 카테고리 조회 결과: []
2026-01-31 05:16:41,312 - INFO - [DEBUG] 채널 61 - 카테고리 없음
2026-01-31 05:16:41,312 - INFO - [SKIP] 채널 61 - 카테고리 없음
2026-01-31 05:16:41,312 - INFO - [SUCCESS] 채널 61 처리 완료: {'status': 'skip', 'reason': 'No data'}
2026-01-31 05:16:41,317 - INFO - 
================================================================================
2026-01-31 05:16:41,317 - INFO - 채널 처리 중 [60/80]: channel_id=60
2026-01-31 05:16:41,318 - INFO - ================================================================================
2026-01-31 05:16:41,713 - INFO - [DEBUG] 채널 60 - 카테고리 조회 결과: []
2026-01-31 05:16:41,713 - INFO - [DEBUG] 채널 60 - 카테고리 없음
2026-01-31 05:16:41,713 - INFO - [SKIP] 채널 60 - 카테고리 없음
2026-01-31 05:16:41,713 - INFO - [SUCCESS] 채널 60 처리 완료: {'status': 'skip', 'reason': 'No data'}
2026-01-31 05:16:41,713 - INFO - 
================================================================================
2026-01-31 05:16:41,713 - INFO - 채널 처리 중 [61/80]: channel_id=75
2026-01-31 05:16:41,713 - INFO - ================================================================================
2026-01-31 05:16:42,074 - INFO - [DEBUG] 채널 75 - 카테고리 조회 결과: []
2026-01-31 05:16:42,074 - INFO - [DEBUG] 채널 75 - 카테고리 없음
2026-01-31 05:16:42,074 - INFO - [SKIP] 채널 75 - 카테고리 없음
2026-01-31 05:16:42,074 - INFO - [SUCCESS] 채널 75 처리 완료: {'status': 'skip', 'reason': 'No data'}
2026-01-31 05:16:42,074 - INFO - 
================================================================================
2026-01-31 05:16:42,074 - INFO - 채널 처리 중 [62/80]: channel_id=55
2026-01-31 05:16:42,074 - INFO - ================================================================================
2026-01-31 05:16:42,483 - INFO - [DEBUG] 채널 55 - 카테고리 조회 결과: []
2026-01-31 05:16:42,483 - INFO - [DEBUG] 채널 55 - 카테고리 없음
2026-01-31 05:16:42,483 - INFO - [SKIP] 채널 55 - 카테고리 없음
2026-01-31 05:16:42,483 - INFO - [SUCCESS] 채널 55 처리 완료: {'status': 'skip', 'reason': 'No data'}
2026-01-31 05:16:42,483 - INFO - 
================================================================================
2026-01-31 05:16:42,483 - INFO - 채널 처리 중 [63/80]: channel_id=76
2026-01-31 05:16:42,483 - INFO - ================================================================================
2026-01-31 05:16:42,883 - INFO - [DEBUG] 채널 76 - 카테고리 조회 결과: []
2026-01-31 05:16:42,883 - INFO - [DEBUG] 채널 76 - 카테고리 없음
2026-01-31 05:16:42,883 - INFO - [SKIP] 채널 76 - 카테고리 없음
2026-01-31 05:16:42,883 - INFO - [SUCCESS] 채널 76 처리 완료: {'status': 'skip', 'reason': 'No data'}
2026-01-31 05:16:42,883 - INFO - 
================================================================================
2026-01-31 05:16:42,886 - INFO - 채널 처리 중 [64/80]: channel_id=63
2026-01-31 05:16:42,886 - INFO - ================================================================================
2026-01-31 05:16:43,243 - INFO - [DEBUG] 채널 63 - 카테고리 조회 결과: []
2026-01-31 05:16:43,243 - INFO - [DEBUG] 채널 63 - 카테고리 없음
2026-01-31 05:16:43,246 - INFO - [SKIP] 채널 63 - 카테고리 없음
2026-01-31 05:16:43,246 - INFO - [SUCCESS] 채널 63 처리 완료: {'status': 'skip', 'reason': 'No data'}
2026-01-31 05:16:43,247 - INFO - 
================================================================================
2026-01-31 05:16:43,247 - INFO - 채널 처리 중 [65/80]: channel_id=56
2026-01-31 05:16:43,247 - INFO - ================================================================================
2026-01-31 05:16:43,602 - INFO - [DEBUG] 채널 56 - 카테고리 조회 결과: []
2026-01-31 05:16:43,602 - INFO - [DEBUG] 채널 56 - 카테고리 없음
2026-01-31 05:16:43,602 - INFO - [SKIP] 채널 56 - 카테고리 없음
2026-01-31 05:16:43,602 - INFO - [SUCCESS] 채널 56 처리 완료: {'status': 'skip', 'reason': 'No data'}
2026-01-31 05:16:43,602 - INFO - 
================================================================================
2026-01-31 05:16:43,602 - INFO - 채널 처리 중 [66/80]: channel_id=62
2026-01-31 05:16:43,602 - INFO - ================================================================================
2026-01-31 05:16:44,013 - INFO - [DEBUG] 채널 62 - 카테고리 조회 결과: []
2026-01-31 05:16:44,013 - INFO - [DEBUG] 채널 62 - 카테고리 없음
2026-01-31 05:16:44,013 - INFO - [SKIP] 채널 62 - 카테고리 없음
2026-01-31 05:16:44,017 - INFO - [SUCCESS] 채널 62 처리 완료: {'status': 'skip', 'reason': 'No data'}
2026-01-31 05:16:44,017 - INFO - 
================================================================================
2026-01-31 05:16:44,017 - INFO - 채널 처리 중 [67/80]: channel_id=77
2026-01-31 05:16:44,017 - INFO - ================================================================================
2026-01-31 05:16:44,395 - INFO - [DEBUG] 채널 77 - 카테고리 조회 결과: []
2026-01-31 05:16:44,395 - INFO - [DEBUG] 채널 77 - 카테고리 없음
2026-01-31 05:16:44,396 - INFO - [SKIP] 채널 77 - 카테고리 없음
2026-01-31 05:16:44,398 - INFO - [SUCCESS] 채널 77 처리 완료: {'status': 'skip', 'reason': 'No data'}
2026-01-31 05:16:44,398 - INFO - 
================================================================================
2026-01-31 05:16:44,398 - INFO - 채널 처리 중 [68/80]: channel_id=12
2026-01-31 05:16:44,400 - INFO - ================================================================================
2026-01-31 05:16:44,758 - INFO - [DEBUG] 채널 12 - 카테고리 조회 결과: []
2026-01-31 05:16:44,758 - INFO - [DEBUG] 채널 12 - 카테고리 없음
2026-01-31 05:16:44,765 - INFO - [SKIP] 채널 12 - 카테고리 없음
2026-01-31 05:16:44,765 - INFO - [SUCCESS] 채널 12 처리 완료: {'status': 'skip', 'reason': 'No data'}
2026-01-31 05:16:44,765 - INFO - 
================================================================================
2026-01-31 05:16:44,765 - INFO - 채널 처리 중 [69/80]: channel_id=14
2026-01-31 05:16:44,765 - INFO - ================================================================================
2026-01-31 05:16:45,163 - INFO - [DEBUG] 채널 14 - 카테고리 조회 결과: []
2026-01-31 05:16:45,163 - INFO - [DEBUG] 채널 14 - 카테고리 없음
2026-01-31 05:16:45,163 - INFO - [SKIP] 채널 14 - 카테고리 없음
2026-01-31 05:16:45,163 - INFO - [SUCCESS] 채널 14 처리 완료: {'status': 'skip', 'reason': 'No data'}
2026-01-31 05:16:45,163 - INFO - 
================================================================================
2026-01-31 05:16:45,163 - INFO - 채널 처리 중 [70/80]: channel_id=57
2026-01-31 05:16:45,163 - INFO - ================================================================================
2026-01-31 05:16:45,555 - INFO - [DEBUG] 채널 57 - 카테고리 조회 결과: []
2026-01-31 05:16:45,555 - INFO - [DEBUG] 채널 57 - 카테고리 없음
2026-01-31 05:16:45,555 - INFO - [SKIP] 채널 57 - 카테고리 없음
2026-01-31 05:16:45,555 - INFO - [SUCCESS] 채널 57 처리 완료: {'status': 'skip', 'reason': 'No data'}
2026-01-31 05:16:45,555 - INFO - 
================================================================================
2026-01-31 05:16:45,555 - INFO - 채널 처리 중 [71/80]: channel_id=25
2026-01-31 05:16:45,555 - INFO - ================================================================================
2026-01-31 05:16:45,955 - INFO - [DEBUG] 채널 25 - 카테고리 조회 결과: []
2026-01-31 05:16:45,955 - INFO - [DEBUG] 채널 25 - 카테고리 없음
2026-01-31 05:16:45,955 - INFO - [SKIP] 채널 25 - 카테고리 없음
2026-01-31 05:16:45,955 - INFO - [SUCCESS] 채널 25 처리 완료: {'status': 'skip', 'reason': 'No data'}
2026-01-31 05:16:45,955 - INFO - 
================================================================================
2026-01-31 05:16:45,955 - INFO - 채널 처리 중 [72/80]: channel_id=16
2026-01-31 05:16:45,955 - INFO - ================================================================================
2026-01-31 05:16:46,323 - INFO - [DEBUG] 채널 16 - 카테고리 조회 결과: []
2026-01-31 05:16:46,323 - INFO - [DEBUG] 채널 16 - 카테고리 없음
2026-01-31 05:16:46,323 - INFO - [SKIP] 채널 16 - 카테고리 없음
2026-01-31 05:16:46,323 - INFO - [SUCCESS] 채널 16 처리 완료: {'status': 'skip', 'reason': 'No data'}
2026-01-31 05:16:46,323 - INFO - 
================================================================================
2026-01-31 05:16:46,323 - INFO - 채널 처리 중 [73/80]: channel_id=19
2026-01-31 05:16:46,323 - INFO - ================================================================================
2026-01-31 05:16:46,714 - INFO - [DEBUG] 채널 19 - 카테고리 조회 결과: []
2026-01-31 05:16:46,714 - INFO - [DEBUG] 채널 19 - 카테고리 없음
2026-01-31 05:16:46,714 - INFO - [SKIP] 채널 19 - 카테고리 없음
2026-01-31 05:16:46,714 - INFO - [SUCCESS] 채널 19 처리 완료: {'status': 'skip', 'reason': 'No data'}
2026-01-31 05:16:46,714 - INFO - 
================================================================================
2026-01-31 05:16:46,714 - INFO - 채널 처리 중 [74/80]: channel_id=64
2026-01-31 05:16:46,714 - INFO - ================================================================================
2026-01-31 05:16:47,152 - INFO - [DEBUG] 채널 64 - 카테고리 조회 결과: []
2026-01-31 05:16:47,152 - INFO - [DEBUG] 채널 64 - 카테고리 없음
2026-01-31 05:16:47,152 - INFO - [SKIP] 채널 64 - 카테고리 없음
2026-01-31 05:16:47,152 - INFO - [SUCCESS] 채널 64 처리 완료: {'status': 'skip', 'reason': 'No data'}
2026-01-31 05:16:47,152 - INFO - 
================================================================================
2026-01-31 05:16:47,152 - INFO - 채널 처리 중 [75/80]: channel_id=78
2026-01-31 05:16:47,152 - INFO - ================================================================================
2026-01-31 05:16:47,516 - INFO - [DEBUG] 채널 78 - 카테고리 조회 결과: []
2026-01-31 05:16:47,516 - INFO - [DEBUG] 채널 78 - 카테고리 없음
2026-01-31 05:16:47,516 - INFO - [SKIP] 채널 78 - 카테고리 없음
2026-01-31 05:16:47,516 - INFO - [SUCCESS] 채널 78 처리 완료: {'status': 'skip', 'reason': 'No data'}
2026-01-31 05:16:47,516 - INFO - 
================================================================================
2026-01-31 05:16:47,516 - INFO - 채널 처리 중 [76/80]: channel_id=29
2026-01-31 05:16:47,516 - INFO - ================================================================================
2026-01-31 05:16:47,874 - INFO - [DEBUG] 채널 29 - 카테고리 조회 결과: []
2026-01-31 05:16:47,876 - INFO - [DEBUG] 채널 29 - 카테고리 없음
2026-01-31 05:16:47,877 - INFO - [SKIP] 채널 29 - 카테고리 없음
2026-01-31 05:16:47,877 - INFO - [SUCCESS] 채널 29 처리 완료: {'status': 'skip', 'reason': 'No data'}
2026-01-31 05:16:47,877 - INFO - 
================================================================================
2026-01-31 05:16:47,877 - INFO - 채널 처리 중 [77/80]: channel_id=65
2026-01-31 05:16:47,880 - INFO - ================================================================================
2026-01-31 05:16:48,295 - INFO - [DEBUG] 채널 65 - 카테고리 조회 결과: []
2026-01-31 05:16:48,295 - INFO - [DEBUG] 채널 65 - 카테고리 없음
2026-01-31 05:16:48,295 - INFO - [SKIP] 채널 65 - 카테고리 없음
2026-01-31 05:16:48,295 - INFO - [SUCCESS] 채널 65 처리 완료: {'status': 'skip', 'reason': 'No data'}
2026-01-31 05:16:48,297 - INFO - 
================================================================================
2026-01-31 05:16:48,297 - INFO - 채널 처리 중 [78/80]: channel_id=21
2026-01-31 05:16:48,297 - INFO - ================================================================================
2026-01-31 05:16:48,724 - INFO - [DEBUG] 채널 21 - 카테고리 조회 결과: []
2026-01-31 05:16:48,724 - INFO - [DEBUG] 채널 21 - 카테고리 없음
2026-01-31 05:16:48,724 - INFO - [SKIP] 채널 21 - 카테고리 없음
2026-01-31 05:16:48,724 - INFO - [SUCCESS] 채널 21 처리 완료: {'status': 'skip', 'reason': 'No data'}
2026-01-31 05:16:48,724 - INFO - 
================================================================================
2026-01-31 05:16:48,724 - INFO - 채널 처리 중 [79/80]: channel_id=27
2026-01-31 05:16:48,724 - INFO - ================================================================================
2026-01-31 05:16:49,106 - INFO - [DEBUG] 채널 27 - 카테고리 조회 결과: []
2026-01-31 05:16:49,106 - INFO - [DEBUG] 채널 27 - 카테고리 없음
2026-01-31 05:16:49,106 - INFO - [SKIP] 채널 27 - 카테고리 없음
2026-01-31 05:16:49,106 - INFO - [SUCCESS] 채널 27 처리 완료: {'status': 'skip', 'reason': 'No data'}
2026-01-31 05:16:49,106 - INFO - 
================================================================================
2026-01-31 05:16:49,106 - INFO - 채널 처리 중 [80/80]: channel_id=30
2026-01-31 05:16:49,106 - INFO - ================================================================================
2026-01-31 05:16:49,516 - INFO - [DEBUG] 채널 30 - 카테고리 조회 결과: []
2026-01-31 05:16:49,516 - INFO - [DEBUG] 채널 30 - 카테고리 없음
2026-01-31 05:16:49,516 - INFO - [SKIP] 채널 30 - 카테고리 없음
2026-01-31 05:16:49,516 - INFO - [SUCCESS] 채널 30 처리 완료: {'status': 'skip', 'reason': 'No data'}
2026-01-31 05:16:49,520 - INFO - [COMPLETE] 카테고리 최적화 완료: 2026-01-31 05:16:49.518783
